
=== Plan 31 close verification (2026-08-14T20:28:28+02:00) ===
$ grep -in "status:.*executed" plans/31-*.md
3:> **Status:** ✅ EXECUTED
exit: 0
$ npm run --silent sdp -- validate . --exclude explorations --exclude examples --exclude test/fixtures/import/parity
155 specs · 1 packs · 143 anchors → 299 nodes · 565 edges (0 errors, 0 warnings)
Wrote /home/darkomijic/dev-libar/software-delivery-protocol-arc-keystone-engines/generated/graph.json
Wrote /home/darkomijic/dev-libar/software-delivery-protocol-arc-keystone-engines/generated/contracts (102 modules)
validate: 0 errors · 0 warnings (conformance + honesty over the one graph)
exit: 0
$ npm run check

> @libar-dev/software-delivery-protocol@0.0.0 check
> npm run check:temporal && npm run lint && npm run format:check && npm run build && npm run generate:self-hosting && npm run generate:example && npm run typecheck && npm run typecheck:examples && npm test && npm run check:self-hosting-gates && npm run check:self-hosting && npm run check:example && npm run preflight


> @libar-dev/software-delivery-protocol@0.0.0 check:temporal
> node ./check-temporal.mjs


> @libar-dev/software-delivery-protocol@0.0.0 lint
> eslint .


> @libar-dev/software-delivery-protocol@0.0.0 format:check
> prettier --check .

Checking formatting...
All matched files use Prettier code style!

> @libar-dev/software-delivery-protocol@0.0.0 build
> tsup

CLI Building entry: src/index.ts
CLI Using tsconfig: tsconfig.json
CLI tsup v8.5.1
CLI Using tsup config: /home/darkomijic/dev-libar/software-delivery-protocol-arc-keystone-engines/tsup.config.ts
CLI Building entry: src/index.ts, src/adapters/vitest.ts, src/cli/sdp.ts, src/testing/index.ts, src/runner/index.ts
CLI Using tsconfig: tsconfig.json
CLI tsup v8.5.1
CLI Using tsup config: /home/darkomijic/dev-libar/software-delivery-protocol-arc-keystone-engines/tsup.config.ts
CLI Target: es2022
CJS Build start
CLI Target: es2022
CLI Cleaning output folder
ESM Build start

 WARN  [33m▲ [43;33m[[43;30mWARNING[43;33m][0m [1m"import.meta" is not available with the "cjs" output format and will be empty[0m [empty-import-meta]

    src/extract/protocol-bindings.ts:53:20:
[37m      53 │   const moduleUrl = [32mimport.meta[37m.url;
         ╵                     [32m~~~~~~~~~~~[0m

  You need to set the output format to "esm" for "import.meta" to work correctly.



ESM dist/testing/index.js   12.91 KB
ESM dist/adapters/vitest.js 8.96 KB
ESM dist/runner/index.js    8.39 KB
ESM dist/index.js           329.25 KB
ESM dist/cli/sdp.js         370.39 KB
ESM ⚡️ Build success in 99ms
CJS dist/index.cjs 335.34 KB
CJS ⚡️ Build success in 104ms
DTS Build start
DTS ⚡️ Build success in 4851ms
DTS dist/adapters/vitest.d.ts 325.00 B
DTS dist/cli/sdp.d.ts         7.86 KB
DTS dist/index.d.ts           19.76 KB
DTS dist/testing/index.d.ts   2.05 KB
DTS dist/runner/index.d.ts    5.23 KB
DTS dist/census-6hMb-wXx.d.ts 48.59 KB

> @libar-dev/software-delivery-protocol@0.0.0 generate:self-hosting
> node ./dist/cli/sdp.js view . --exclude explorations --exclude examples --exclude test/fixtures/import/parity

155 specs · 1 packs · 143 anchors → 299 nodes · 565 edges (0 errors, 0 warnings)
Wrote /home/darkomijic/dev-libar/software-delivery-protocol-arc-keystone-engines/generated/graph.json
Wrote /home/darkomijic/dev-libar/software-delivery-protocol-arc-keystone-engines/generated/contracts (102 modules)
validate: 0 errors · 0 warnings (conformance + honesty over the one graph)
Wrote /home/darkomijic/dev-libar/software-delivery-protocol-arc-keystone-engines/generated/design-review (157 pages)

> @libar-dev/software-delivery-protocol@0.0.0 generate:example
> node ./dist/cli/sdp.js build examples/checkout-v1

11 specs · 1 packs · 5 anchors → 17 nodes · 32 edges (0 errors, 0 warnings)
Wrote /home/darkomijic/dev-libar/software-delivery-protocol-arc-keystone-engines/examples/checkout-v1/generated/graph.json
Wrote /home/darkomijic/dev-libar/software-delivery-protocol-arc-keystone-engines/examples/checkout-v1/generated/contracts (3 modules)

> @libar-dev/software-delivery-protocol@0.0.0 typecheck
> tsc --noEmit -p tsconfig.json


> @libar-dev/software-delivery-protocol@0.0.0 typecheck:examples
> tsc --noEmit -p tsconfig.examples.json


> @libar-dev/software-delivery-protocol@0.0.0 test
> node ./vitest-test.mjs


 RUN  v4.1.10 /home/darkomijic/dev-libar/software-delivery-protocol-arc-keystone-engines

 ❯ test/check-self-hosting-gates.test.ts (5 tests | 4 failed) 496ms
     × accepts the current record without requiring the historical ledger shape 119ms
     × selects a zero-padded primary plan over a lower unpadded number 94ms
     × ignores a letter-suffixed plan when selecting the current primary 94ms
     × fails when the handbook carries a stale current-plan status 88ms
[warn] [33m▲ [43;33m[[43;30mWARNING[43;33m][0m [1m"import.meta" is not available with the "cjs" output format and will be empty[0m [empty-import-meta]

    src/extract/protocol-bindings.ts:53:20:
[37m      53 │   const moduleUrl = [32mimport.meta[37m.url;
         ╵                     [32m~~~~~~~~~~~[0m

  You need to set the output format to "esm" for "import.meta" to work correctly.


npm notice
npm notice 📦  @libar-dev/software-delivery-protocol@0.0.0
npm notice Tarball Contents
npm notice 6.5kB .agents/skills/sdp-agent-surface/SKILL.md
npm notice 9.6kB .agents/skills/sdp-authoring/SKILL.md
npm notice 3.5kB .agents/skills/sdp-sessions/SKILL.md
npm notice 11.4kB LICENSE
npm notice 5.8kB README.md
npm notice 325B dist/adapters/vitest.d.ts
npm notice 9.2kB dist/adapters/vitest.js
npm notice 50.0kB dist/census-6hMb-wXx.d.ts
npm notice 8.1kB dist/cli/sdp.d.ts
npm notice 379.3kB dist/cli/sdp.js
npm notice 343.4kB dist/index.cjs
npm notice 20.3kB dist/index.d.ts
npm notice 337.2kB dist/index.js
npm notice 5.4kB dist/runner/index.d.ts
npm notice 8.6kB dist/runner/index.js
npm notice 2.1kB dist/testing/index.d.ts
npm notice 13.2kB dist/testing/index.js
npm notice 17.9kB docs/agent-surface/recipes.md
npm notice 3.2kB package.json
npm notice Tarball Details
npm notice name: @libar-dev/software-delivery-protocol
npm notice version: 0.0.0
npm notice filename: libar-dev-software-delivery-protocol-0.0.0.tgz
npm notice package size: 265.7 kB
npm notice unpacked size: 1.2 MB
npm notice shasum: 07d76f0c5b25ed3d9225c602a26fd0a83ec41db5
npm notice integrity: sha512-qV5Xo/d82J5yp[...]MC1Qcl+VC8a/A==
npm notice total files: 19
npm notice

⎯⎯⎯⎯⎯⎯⎯ Failed Tests 4 ⎯⎯⎯⎯⎯⎯⎯

 FAIL  test/check-self-hosting-gates.test.ts > the self-hosting records gate > accepts the current record without requiring the historical ledger shape
AssertionError: expected { status: 1, …(1) } to deeply equal { status: +0, stderr: '' }

- Expected
+ Received

  {
-   "status": 0,
-   "stderr": "",
+   "status": 1,
+   "stderr": "check-self-hosting-gates — disagreeing surfaces:
+
+ AGENTS.md — the handbook status disagrees with the current primary plan
+ ",
  }

 ❯ test/check-self-hosting-gates.test.ts:82:62
     80|     const result = runGuard(copyRecordTree());
     81|
     82|     expect({ status: result.status, stderr: result.stderr }).toEqual({…
       |                                                              ^
     83|   });
     84|

⎯⎯⎯⎯⎯⎯⎯⎯⎯⎯⎯⎯⎯⎯⎯⎯⎯⎯⎯⎯⎯⎯⎯⎯[1/4]⎯

 FAIL  test/check-self-hosting-gates.test.ts > the self-hosting records gate > selects a zero-padded primary plan over a lower unpadded number
AssertionError: expected { status: 1, …(1) } to deeply equal { status: +0, stderr: '' }

- Expected
+ Received

  {
-   "status": 0,
-   "stderr": "",
+   "status": 1,
+   "stderr": "check-self-hosting-gates — disagreeing surfaces:
+
+ AGENTS.md — the handbook does not name the current primary plan
+ AGENTS.md — the handbook status disagrees with the current primary plan
+ ",
  }

 ❯ test/check-self-hosting-gates.test.ts:120:62
    118|     const result = runGuard(root);
    119|
    120|     expect({ status: result.status, stderr: result.stderr }).toEqual({…
       |                                                              ^
    121|   });
    122|

⎯⎯⎯⎯⎯⎯⎯⎯⎯⎯⎯⎯⎯⎯⎯⎯⎯⎯⎯⎯⎯⎯⎯⎯[2/4]⎯

 FAIL  test/check-self-hosting-gates.test.ts > the self-hosting records gate > ignores a letter-suffixed plan when selecting the current primary
AssertionError: expected { status: 1, …(1) } to deeply equal { status: +0, stderr: '' }

- Expected
+ Received

  {
-   "status": 0,
-   "stderr": "",
+   "status": 1,
+   "stderr": "check-self-hosting-gates — disagreeing surfaces:
+
+ AGENTS.md — the handbook status disagrees with the current primary plan
+ ",
  }

 ❯ test/check-self-hosting-gates.test.ts:133:62
    131|     const result = runGuard(root);
    132|
    133|     expect({ status: result.status, stderr: result.stderr }).toEqual({…
       |                                                              ^
    134|   });
    135|

⎯⎯⎯⎯⎯⎯⎯⎯⎯⎯⎯⎯⎯⎯⎯⎯⎯⎯⎯⎯⎯⎯⎯⎯[3/4]⎯

 FAIL  test/check-self-hosting-gates.test.ts > the self-hosting records gate > fails when the handbook carries a stale current-plan status
AssertionError: expected 'check-self-hosting-gates — disagreein…' to contain 'the handbook does not name the curren…'

- Expected
+ Received

- the handbook does not name the current primary plan
+ check-self-hosting-gates — disagreeing surfaces:
+
+ AGENTS.md — the handbook status disagrees with the current primary plan
+

 ❯ test/check-self-hosting-gates.test.ts:151:27
    149|
    150|     expect(result.status).toBe(1);
    151|     expect(result.stderr).toContain("the handbook does not name the cu…
       |                           ^
    152|     expect(result.stderr).toContain("the handbook status disagrees wit…
    153|   });

⎯⎯⎯⎯⎯⎯⎯⎯⎯⎯⎯⎯⎯⎯⎯⎯⎯⎯⎯⎯⎯⎯⎯⎯[4/4]⎯


 Test Files  1 failed | 57 passed (58)
      Tests  4 failed | 749 passed | 1 skipped (754)
   Start at  20:28:59
   Duration  24.46s (transform 4.92s, setup 0ms, import 55.66s, tests 46.15s, environment 13ms)

exit: 1

=== Compatibility probe: temporary AGENTS.md status synchronization (2026-08-14T20:30:27+02:00) ===
$ python3 -c ... (EXECUTING -> EXECUTED in AGENTS.md only; restored after check)
temporary edit exit: 0
$ npm run check

> @libar-dev/software-delivery-protocol@0.0.0 check
> npm run check:temporal && npm run lint && npm run format:check && npm run build && npm run generate:self-hosting && npm run generate:example && npm run typecheck && npm run typecheck:examples && npm test && npm run check:self-hosting-gates && npm run check:self-hosting && npm run check:example && npm run preflight


> @libar-dev/software-delivery-protocol@0.0.0 check:temporal
> node ./check-temporal.mjs


> @libar-dev/software-delivery-protocol@0.0.0 lint
> eslint .


> @libar-dev/software-delivery-protocol@0.0.0 format:check
> prettier --check .

Checking formatting...
All matched files use Prettier code style!

> @libar-dev/software-delivery-protocol@0.0.0 build
> tsup

CLI Building entry: src/index.ts
CLI Using tsconfig: tsconfig.json
CLI tsup v8.5.1
CLI Using tsup config: /home/darkomijic/dev-libar/software-delivery-protocol-arc-keystone-engines/tsup.config.ts
CLI Building entry: src/index.ts, src/adapters/vitest.ts, src/cli/sdp.ts, src/runner/index.ts, src/testing/index.ts
CLI Using tsconfig: tsconfig.json
CLI tsup v8.5.1
CLI Using tsup config: /home/darkomijic/dev-libar/software-delivery-protocol-arc-keystone-engines/tsup.config.ts
CLI Target: es2022
CJS Build start
CLI Target: es2022
CLI Cleaning output folder
ESM Build start

 WARN  [33m▲ [43;33m[[43;30mWARNING[43;33m][0m [1m"import.meta" is not available with the "cjs" output format and will be empty[0m [empty-import-meta]

    src/extract/protocol-bindings.ts:53:20:
[37m      53 │   const moduleUrl = [32mimport.meta[37m.url;
         ╵                     [32m~~~~~~~~~~~[0m

  You need to set the output format to "esm" for "import.meta" to work correctly.



CJS dist/index.cjs 335.34 KB
CJS ⚡️ Build success in 96ms
ESM dist/adapters/vitest.js 8.96 KB
ESM dist/runner/index.js    8.39 KB
ESM dist/testing/index.js   12.91 KB
ESM dist/cli/sdp.js         370.39 KB
ESM dist/index.js           329.25 KB
ESM ⚡️ Build success in 93ms
DTS Build start
DTS ⚡️ Build success in 4931ms
DTS dist/adapters/vitest.d.ts 325.00 B
DTS dist/cli/sdp.d.ts         7.86 KB
DTS dist/index.d.ts           19.76 KB
DTS dist/testing/index.d.ts   2.05 KB
DTS dist/runner/index.d.ts    5.23 KB
DTS dist/census-6hMb-wXx.d.ts 48.59 KB

> @libar-dev/software-delivery-protocol@0.0.0 generate:self-hosting
> node ./dist/cli/sdp.js view . --exclude explorations --exclude examples --exclude test/fixtures/import/parity

155 specs · 1 packs · 143 anchors → 299 nodes · 565 edges (0 errors, 0 warnings)
Wrote /home/darkomijic/dev-libar/software-delivery-protocol-arc-keystone-engines/generated/graph.json
Wrote /home/darkomijic/dev-libar/software-delivery-protocol-arc-keystone-engines/generated/contracts (102 modules)
validate: 0 errors · 0 warnings (conformance + honesty over the one graph)
Wrote /home/darkomijic/dev-libar/software-delivery-protocol-arc-keystone-engines/generated/design-review (157 pages)

> @libar-dev/software-delivery-protocol@0.0.0 generate:example
> node ./dist/cli/sdp.js build examples/checkout-v1

11 specs · 1 packs · 5 anchors → 17 nodes · 32 edges (0 errors, 0 warnings)
Wrote /home/darkomijic/dev-libar/software-delivery-protocol-arc-keystone-engines/examples/checkout-v1/generated/graph.json
Wrote /home/darkomijic/dev-libar/software-delivery-protocol-arc-keystone-engines/examples/checkout-v1/generated/contracts (3 modules)

> @libar-dev/software-delivery-protocol@0.0.0 typecheck
> tsc --noEmit -p tsconfig.json


> @libar-dev/software-delivery-protocol@0.0.0 typecheck:examples
> tsc --noEmit -p tsconfig.examples.json


> @libar-dev/software-delivery-protocol@0.0.0 test
> node ./vitest-test.mjs


 RUN  v4.1.10 /home/darkomijic/dev-libar/software-delivery-protocol-arc-keystone-engines

[warn] [33m▲ [43;33m[[43;30mWARNING[43;33m][0m [1m"import.meta" is not available with the "cjs" output format and will be empty[0m [empty-import-meta]

    src/extract/protocol-bindings.ts:53:20:
[37m      53 │   const moduleUrl = [32mimport.meta[37m.url;
         ╵                     [32m~~~~~~~~~~~[0m

  You need to set the output format to "esm" for "import.meta" to work correctly.


npm notice
npm notice 📦  @libar-dev/software-delivery-protocol@0.0.0
npm notice Tarball Contents
npm notice 6.5kB .agents/skills/sdp-agent-surface/SKILL.md
npm notice 9.6kB .agents/skills/sdp-authoring/SKILL.md
npm notice 3.5kB .agents/skills/sdp-sessions/SKILL.md
npm notice 11.4kB LICENSE
npm notice 5.8kB README.md
npm notice 325B dist/adapters/vitest.d.ts
npm notice 9.2kB dist/adapters/vitest.js
npm notice 50.0kB dist/census-6hMb-wXx.d.ts
npm notice 8.1kB dist/cli/sdp.d.ts
npm notice 379.3kB dist/cli/sdp.js
npm notice 343.4kB dist/index.cjs
npm notice 20.3kB dist/index.d.ts
npm notice 337.2kB dist/index.js
npm notice 5.4kB dist/runner/index.d.ts
npm notice 8.6kB dist/runner/index.js
npm notice 2.1kB dist/testing/index.d.ts
npm notice 13.2kB dist/testing/index.js
npm notice 17.9kB docs/agent-surface/recipes.md
npm notice 3.2kB package.json
npm notice Tarball Details
npm notice name: @libar-dev/software-delivery-protocol
npm notice version: 0.0.0
npm notice filename: libar-dev-software-delivery-protocol-0.0.0.tgz
npm notice package size: 265.7 kB
npm notice unpacked size: 1.2 MB
npm notice shasum: 07d76f0c5b25ed3d9225c602a26fd0a83ec41db5
npm notice integrity: sha512-qV5Xo/d82J5yp[...]MC1Qcl+VC8a/A==
npm notice total files: 19
npm notice

 Test Files  58 passed (58)
      Tests  753 passed | 1 skipped (754)
   Start at  20:30:56
   Duration  18.64s (transform 4.79s, setup 0ms, import 55.34s, tests 40.02s, environment 14ms)


 RUN  v4.1.10 /home/darkomijic/dev-libar/software-delivery-protocol-arc-keystone-engines


 Test Files  1 passed (1)
      Tests  59 passed (59)
   Start at  20:31:15
   Duration  2.66s (transform 435ms, setup 0ms, import 826ms, tests 1.71s, environment 0ms)


> @libar-dev/software-delivery-protocol@0.0.0 check:self-hosting-gates
> node ./check-self-hosting-gates.mjs

{
  "surfaces": {
    "plan": "plans/17-self-hosting-v1.md",
    "plan16": "plans/16-carrier-ruling.md",
    "agents": "AGENTS.md",
    "decisions": "docs/concept/DECISIONS.md",
    "glossary": "CONTEXT.md",
    "phase2Plan": "plans/18-self-hosting-phase-2.md",
    "currentPlan": "plans/31-carrier-universality-runnable-modules-projections-structural-anchors.md",
    "package": "package.json"
  },
  "currentRecord": {
    "status": "EXECUTED",
    "gateLegs": [
      "check:temporal",
      "lint",
      "format:check",
      "build",
      "generate:self-hosting",
      "generate:example",
      "typecheck",
      "typecheck:examples",
      "test",
      "check:self-hosting-gates",
      "check:self-hosting",
      "check:example",
      "preflight"
    ]
  },
  "temporal": {
    "ran": true,
    "exit": 0
  },
  "docket": {
    "total": 25,
    "nonPending": 25,
    "dispositions": [
      {
        "item": "Frontmatter envelope schema (17)",
        "state": "done"
      },
      {
        "item": "Editor-association gap (17)",
        "state": "deferred"
      },
      {
        "item": "Fence names (17)",
        "state": "done"
      },
      {
        "item": "Slot sigils (17)",
        "state": "done"
      },
      {
        "item": "Single-literal vocabulary form (17)",
        "state": "dropped"
      },
      {
        "item": "Table-sugar syntax (17)",
        "state": "dropped"
      },
      {
        "item": "Prose edge-text ownership rule (17)",
        "state": "done"
      },
      {
        "item": "Diagnostics register (17)",
        "state": "done"
      },
      {
        "item": "Carrier seam public API (18)",
        "state": "done"
      },
      {
        "item": "Product parser (18)",
        "state": "done"
      },
      {
        "item": "`sdp import` emitter (18)",
        "state": "deferred"
      },
      {
        "item": "checkout-v1 migration + canonical flip (18)",
        "state": "deferred"
      },
      {
        "item": "Self-hosting pack (19)",
        "state": "done"
      },
      {
        "item": "Decision-spec fold (19)",
        "state": "done"
      },
      {
        "item": "Doc-repair bill (19)",
        "state": "done"
      },
      {
        "item": "Extraction-root & exclusion policy (new — forced by self-hosting)",
        "state": "done"
      },
      {
        "item": "Graph schema-version policy for prose fields (new)",
        "state": "done"
      },
      {
        "item": "Carrier-ruling transition-clause amendment (new — forced by the interim story)",
        "state": "done"
      },
      {
        "item": "Public/package API proof (new — forced by grounded review)",
        "state": "done"
      },
      {
        "item": "Temporal-scan coverage (new — forced by grounded review)",
        "state": "done"
      },
      {
        "item": "Root generated-state isolation (new — forced by grounded review)",
        "state": "done"
      },
      {
        "item": "Clean-clone proof (new — forced by grounded review)",
        "state": "done"
      },
      {
        "item": "JTBD carrier repair (new — drift found by grounded review)",
        "state": "done"
      },
      {
        "item": "MD-15 wording repair (new — forced by the carrier ruling)",
        "state": "done"
      },
      {
        "item": "Four-gate review ledger (new — forced by the owner-gate design)",
        "state": "done"
      }
    ],
    "pending": []
  },
  "adrDispositions": {
    "the strict consumer-exclusion contract (MD-20)": "diary entry entered — three-part test passes",
    "the envelope-grammar ownership posture (MD-21)": "diary entry entered — three-part test passes"
  },
  "ledger": {
    "gate1": {
      "meaning": "schema freeze",
      "disposition": "accepted",
      "date": "2026-07-18",
      "sha": "aca79090529c2f6625ceafc78f33e16da81bfcb1",
      "corrections": "none"
    },
    "gate2": {
      "meaning": "corpus/readiness",
      "disposition": "accepted",
      "date": "2026-07-18",
      "sha": "cdb68fc1564c9167ebc0372ba8f8599a97df4393",
      "corrections": "none"
    },
    "gate3": {
      "meaning": "executable loop",
      "disposition": "accepted",
      "date": "2026-07-18",
      "sha": "1687885df7b1898c56e154ce2dbe4fa3c6c6c425",
      "corrections": "none"
    },
    "gate4": {
      "meaning": "whole-phase review and the phase-2 disposition",
      "disposition": "accepted",
      "date": "2026-07-18",
      "sha": "1d9f38c7a993f9cdc27cc4e178e211e33286758b",
      "corrections": "24f9978: docs(concept): record the landed prose projection in 06"
    }
  },
  "phase2Ledger": "G1-G8 scaffold checked"
}

> @libar-dev/software-delivery-protocol@0.0.0 check:self-hosting
> node ./dist/cli/sdp.js view . --exclude explorations --exclude examples --exclude test/fixtures/import/parity --check-clean

155 specs · 1 packs · 143 anchors → 299 nodes · 565 edges (0 errors, 0 warnings)
Wrote /home/darkomijic/dev-libar/software-delivery-protocol-arc-keystone-engines/generated/graph.json
Wrote /home/darkomijic/dev-libar/software-delivery-protocol-arc-keystone-engines/generated/contracts (102 modules)
validate: 0 errors · 0 warnings (conformance + honesty over the one graph)
Wrote /home/darkomijic/dev-libar/software-delivery-protocol-arc-keystone-engines/generated/design-review (157 pages)

> @libar-dev/software-delivery-protocol@0.0.0 check:example
> node ./dist/cli/sdp.js view examples/checkout-v1 --check-clean

11 specs · 1 packs · 5 anchors → 17 nodes · 32 edges (0 errors, 0 warnings)
Wrote /home/darkomijic/dev-libar/software-delivery-protocol-arc-keystone-engines/examples/checkout-v1/generated/graph.json
Wrote /home/darkomijic/dev-libar/software-delivery-protocol-arc-keystone-engines/examples/checkout-v1/generated/contracts (3 modules)
specs/orders/create-order-invalid-cart.sdp.md — [warning] conformance/verifies-linkage — Example "spec:orders.create-order.invalid-cart" declares verifies → "spec:orders.create-order" but is not an enabled verifier — no test anchor binds it, so the spec↔test trace is incomplete and it confers no has-verifier.
validate: 0 errors · 1 warnings (conformance + honesty over the one graph)
Wrote /home/darkomijic/dev-libar/software-delivery-protocol-arc-keystone-engines/examples/checkout-v1/generated/design-review (13 pages)

> @libar-dev/software-delivery-protocol@0.0.0 preflight
> node ./preflight.mjs

preflight: semantic diff summary
AGENTS.md
plans/29-universal-carrier-annotations-and-agent-surface-briefs.md
plans/31-carrier-universality-runnable-modules-projections-structural-anchors.md
preflight: tracked/untracked status inspected
exit: 0

=== Plan 31 close commit (2026-08-14T20:31:40+02:00) ===
$ git add plans/29-universal-carrier-annotations-and-agent-surface-briefs.md plans/31-carrier-universality-runnable-modules-projections-structural-anchors.md
git add exit: 0
$ git diff --cached --name-only
plans/29-universal-carrier-annotations-and-agent-surface-briefs.md
plans/31-carrier-universality-runnable-modules-projections-structural-anchors.md
$ git commit -m "docs(plans): close plan 31 as executed"
[arc/keystone-engines 571c4cd] docs(plans): close plan 31 as executed
 2 files changed, 4 insertions(+), 2 deletions(-)
git commit exit: 0
$ git status --short --branch
## arc/keystone-engines...origin/main [ahead 11]

=== Post-commit verification (2026-08-14T20:31:52+02:00) ===
$ grep -in "status:.*executed" plans/31-*.md
3:> **Status:** ✅ EXECUTED
exit: 0
$ git show --format="%H %s" --name-only --no-renames HEAD
571c4cd49ed4241383cbc22f12f7c55af548ae61 docs(plans): close plan 31 as executed

plans/29-universal-carrier-annotations-and-agent-surface-briefs.md
plans/31-carrier-universality-runnable-modules-projections-structural-anchors.md
$ git status --short --branch
## arc/keystone-engines...origin/main [ahead 11]

=== AGENTS Plan 31 status fix verification (2026-08-14T20:32:53+02:00) ===
$ npm run check

> @libar-dev/software-delivery-protocol@0.0.0 check
> npm run check:temporal && npm run lint && npm run format:check && npm run build && npm run generate:self-hosting && npm run generate:example && npm run typecheck && npm run typecheck:examples && npm test && npm run check:self-hosting-gates && npm run check:self-hosting && npm run check:example && npm run preflight


> @libar-dev/software-delivery-protocol@0.0.0 check:temporal
> node ./check-temporal.mjs


> @libar-dev/software-delivery-protocol@0.0.0 lint
> eslint .


> @libar-dev/software-delivery-protocol@0.0.0 format:check
> prettier --check .

Checking formatting...
All matched files use Prettier code style!

> @libar-dev/software-delivery-protocol@0.0.0 build
> tsup

CLI Building entry: src/index.ts
CLI Using tsconfig: tsconfig.json
CLI tsup v8.5.1
CLI Using tsup config: /home/darkomijic/dev-libar/software-delivery-protocol-arc-keystone-engines/tsup.config.ts
CLI Building entry: src/index.ts, src/adapters/vitest.ts, src/cli/sdp.ts, src/runner/index.ts, src/testing/index.ts
CLI Using tsconfig: tsconfig.json
CLI tsup v8.5.1
CLI Using tsup config: /home/darkomijic/dev-libar/software-delivery-protocol-arc-keystone-engines/tsup.config.ts
CLI Target: es2022
CJS Build start
CLI Target: es2022
CLI Cleaning output folder
ESM Build start

 WARN  [33m▲ [43;33m[[43;30mWARNING[43;33m][0m [1m"import.meta" is not available with the "cjs" output format and will be empty[0m [empty-import-meta]

    src/extract/protocol-bindings.ts:53:20:
[37m      53 │   const moduleUrl = [32mimport.meta[37m.url;
         ╵                     [32m~~~~~~~~~~~[0m

  You need to set the output format to "esm" for "import.meta" to work correctly.



CJS dist/index.cjs 335.34 KB
CJS ⚡️ Build success in 95ms
ESM dist/adapters/vitest.js 8.96 KB
ESM dist/testing/index.js   12.91 KB
ESM dist/runner/index.js    8.39 KB
ESM dist/index.js           329.25 KB
ESM dist/cli/sdp.js         370.39 KB
ESM ⚡️ Build success in 94ms
DTS Build start
DTS ⚡️ Build success in 4863ms
DTS dist/adapters/vitest.d.ts 325.00 B
DTS dist/cli/sdp.d.ts         7.86 KB
DTS dist/index.d.ts           19.76 KB
DTS dist/testing/index.d.ts   2.05 KB
DTS dist/runner/index.d.ts    5.23 KB
DTS dist/census-6hMb-wXx.d.ts 48.59 KB

> @libar-dev/software-delivery-protocol@0.0.0 generate:self-hosting
> node ./dist/cli/sdp.js view . --exclude explorations --exclude examples --exclude test/fixtures/import/parity

155 specs · 1 packs · 143 anchors → 299 nodes · 565 edges (0 errors, 0 warnings)
Wrote /home/darkomijic/dev-libar/software-delivery-protocol-arc-keystone-engines/generated/graph.json
Wrote /home/darkomijic/dev-libar/software-delivery-protocol-arc-keystone-engines/generated/contracts (102 modules)
validate: 0 errors · 0 warnings (conformance + honesty over the one graph)
Wrote /home/darkomijic/dev-libar/software-delivery-protocol-arc-keystone-engines/generated/design-review (157 pages)

> @libar-dev/software-delivery-protocol@0.0.0 generate:example
> node ./dist/cli/sdp.js build examples/checkout-v1

11 specs · 1 packs · 5 anchors → 17 nodes · 32 edges (0 errors, 0 warnings)
Wrote /home/darkomijic/dev-libar/software-delivery-protocol-arc-keystone-engines/examples/checkout-v1/generated/graph.json
Wrote /home/darkomijic/dev-libar/software-delivery-protocol-arc-keystone-engines/examples/checkout-v1/generated/contracts (3 modules)

> @libar-dev/software-delivery-protocol@0.0.0 typecheck
> tsc --noEmit -p tsconfig.json


> @libar-dev/software-delivery-protocol@0.0.0 typecheck:examples
> tsc --noEmit -p tsconfig.examples.json


> @libar-dev/software-delivery-protocol@0.0.0 test
> node ./vitest-test.mjs


 RUN  v4.1.10 /home/darkomijic/dev-libar/software-delivery-protocol-arc-keystone-engines

[warn] [33m▲ [43;33m[[43;30mWARNING[43;33m][0m [1m"import.meta" is not available with the "cjs" output format and will be empty[0m [empty-import-meta]

    src/extract/protocol-bindings.ts:53:20:
[37m      53 │   const moduleUrl = [32mimport.meta[37m.url;
         ╵                     [32m~~~~~~~~~~~[0m

  You need to set the output format to "esm" for "import.meta" to work correctly.


npm notice
npm notice 📦  @libar-dev/software-delivery-protocol@0.0.0
npm notice Tarball Contents
npm notice 6.5kB .agents/skills/sdp-agent-surface/SKILL.md
npm notice 9.6kB .agents/skills/sdp-authoring/SKILL.md
npm notice 3.5kB .agents/skills/sdp-sessions/SKILL.md
npm notice 11.4kB LICENSE
npm notice 5.8kB README.md
npm notice 325B dist/adapters/vitest.d.ts
npm notice 9.2kB dist/adapters/vitest.js
npm notice 50.0kB dist/census-6hMb-wXx.d.ts
npm notice 8.1kB dist/cli/sdp.d.ts
npm notice 379.3kB dist/cli/sdp.js
npm notice 343.4kB dist/index.cjs
npm notice 20.3kB dist/index.d.ts
npm notice 337.2kB dist/index.js
npm notice 5.4kB dist/runner/index.d.ts
npm notice 8.6kB dist/runner/index.js
npm notice 2.1kB dist/testing/index.d.ts
npm notice 13.2kB dist/testing/index.js
npm notice 17.9kB docs/agent-surface/recipes.md
npm notice 3.2kB package.json
npm notice Tarball Details
npm notice name: @libar-dev/software-delivery-protocol
npm notice version: 0.0.0
npm notice filename: libar-dev-software-delivery-protocol-0.0.0.tgz
npm notice package size: 265.7 kB
npm notice unpacked size: 1.2 MB
npm notice shasum: 07d76f0c5b25ed3d9225c602a26fd0a83ec41db5
npm notice integrity: sha512-qV5Xo/d82J5yp[...]MC1Qcl+VC8a/A==
npm notice total files: 19
npm notice

 Test Files  58 passed (58)
      Tests  753 passed | 1 skipped (754)
   Start at  20:33:22
   Duration  18.07s (transform 4.67s, setup 0ms, import 53.82s, tests 39.52s, environment 14ms)


 RUN  v4.1.10 /home/darkomijic/dev-libar/software-delivery-protocol-arc-keystone-engines


 Test Files  1 passed (1)
      Tests  59 passed (59)
   Start at  20:33:41
   Duration  2.69s (transform 431ms, setup 0ms, import 813ms, tests 1.75s, environment 0ms)


> @libar-dev/software-delivery-protocol@0.0.0 check:self-hosting-gates
> node ./check-self-hosting-gates.mjs

{
  "surfaces": {
    "plan": "plans/17-self-hosting-v1.md",
    "plan16": "plans/16-carrier-ruling.md",
    "agents": "AGENTS.md",
    "decisions": "docs/concept/DECISIONS.md",
    "glossary": "CONTEXT.md",
    "phase2Plan": "plans/18-self-hosting-phase-2.md",
    "currentPlan": "plans/31-carrier-universality-runnable-modules-projections-structural-anchors.md",
    "package": "package.json"
  },
  "currentRecord": {
    "status": "EXECUTED",
    "gateLegs": [
      "check:temporal",
      "lint",
      "format:check",
      "build",
      "generate:self-hosting",
      "generate:example",
      "typecheck",
      "typecheck:examples",
      "test",
      "check:self-hosting-gates",
      "check:self-hosting",
      "check:example",
      "preflight"
    ]
  },
  "temporal": {
    "ran": true,
    "exit": 0
  },
  "docket": {
    "total": 25,
    "nonPending": 25,
    "dispositions": [
      {
        "item": "Frontmatter envelope schema (17)",
        "state": "done"
      },
      {
        "item": "Editor-association gap (17)",
        "state": "deferred"
      },
      {
        "item": "Fence names (17)",
        "state": "done"
      },
      {
        "item": "Slot sigils (17)",
        "state": "done"
      },
      {
        "item": "Single-literal vocabulary form (17)",
        "state": "dropped"
      },
      {
        "item": "Table-sugar syntax (17)",
        "state": "dropped"
      },
      {
        "item": "Prose edge-text ownership rule (17)",
        "state": "done"
      },
      {
        "item": "Diagnostics register (17)",
        "state": "done"
      },
      {
        "item": "Carrier seam public API (18)",
        "state": "done"
      },
      {
        "item": "Product parser (18)",
        "state": "done"
      },
      {
        "item": "`sdp import` emitter (18)",
        "state": "deferred"
      },
      {
        "item": "checkout-v1 migration + canonical flip (18)",
        "state": "deferred"
      },
      {
        "item": "Self-hosting pack (19)",
        "state": "done"
      },
      {
        "item": "Decision-spec fold (19)",
        "state": "done"
      },
      {
        "item": "Doc-repair bill (19)",
        "state": "done"
      },
      {
        "item": "Extraction-root & exclusion policy (new — forced by self-hosting)",
        "state": "done"
      },
      {
        "item": "Graph schema-version policy for prose fields (new)",
        "state": "done"
      },
      {
        "item": "Carrier-ruling transition-clause amendment (new — forced by the interim story)",
        "state": "done"
      },
      {
        "item": "Public/package API proof (new — forced by grounded review)",
        "state": "done"
      },
      {
        "item": "Temporal-scan coverage (new — forced by grounded review)",
        "state": "done"
      },
      {
        "item": "Root generated-state isolation (new — forced by grounded review)",
        "state": "done"
      },
      {
        "item": "Clean-clone proof (new — forced by grounded review)",
        "state": "done"
      },
      {
        "item": "JTBD carrier repair (new — drift found by grounded review)",
        "state": "done"
      },
      {
        "item": "MD-15 wording repair (new — forced by the carrier ruling)",
        "state": "done"
      },
      {
        "item": "Four-gate review ledger (new — forced by the owner-gate design)",
        "state": "done"
      }
    ],
    "pending": []
  },
  "adrDispositions": {
    "the strict consumer-exclusion contract (MD-20)": "diary entry entered — three-part test passes",
    "the envelope-grammar ownership posture (MD-21)": "diary entry entered — three-part test passes"
  },
  "ledger": {
    "gate1": {
      "meaning": "schema freeze",
      "disposition": "accepted",
      "date": "2026-07-18",
      "sha": "aca79090529c2f6625ceafc78f33e16da81bfcb1",
      "corrections": "none"
    },
    "gate2": {
      "meaning": "corpus/readiness",
      "disposition": "accepted",
      "date": "2026-07-18",
      "sha": "cdb68fc1564c9167ebc0372ba8f8599a97df4393",
      "corrections": "none"
    },
    "gate3": {
      "meaning": "executable loop",
      "disposition": "accepted",
      "date": "2026-07-18",
      "sha": "1687885df7b1898c56e154ce2dbe4fa3c6c6c425",
      "corrections": "none"
    },
    "gate4": {
      "meaning": "whole-phase review and the phase-2 disposition",
      "disposition": "accepted",
      "date": "2026-07-18",
      "sha": "1d9f38c7a993f9cdc27cc4e178e211e33286758b",
      "corrections": "24f9978: docs(concept): record the landed prose projection in 06"
    }
  },
  "phase2Ledger": "G1-G8 scaffold checked"
}

> @libar-dev/software-delivery-protocol@0.0.0 check:self-hosting
> node ./dist/cli/sdp.js view . --exclude explorations --exclude examples --exclude test/fixtures/import/parity --check-clean

155 specs · 1 packs · 143 anchors → 299 nodes · 565 edges (0 errors, 0 warnings)
Wrote /home/darkomijic/dev-libar/software-delivery-protocol-arc-keystone-engines/generated/graph.json
Wrote /home/darkomijic/dev-libar/software-delivery-protocol-arc-keystone-engines/generated/contracts (102 modules)
validate: 0 errors · 0 warnings (conformance + honesty over the one graph)
Wrote /home/darkomijic/dev-libar/software-delivery-protocol-arc-keystone-engines/generated/design-review (157 pages)

> @libar-dev/software-delivery-protocol@0.0.0 check:example
> node ./dist/cli/sdp.js view examples/checkout-v1 --check-clean

11 specs · 1 packs · 5 anchors → 17 nodes · 32 edges (0 errors, 0 warnings)
Wrote /home/darkomijic/dev-libar/software-delivery-protocol-arc-keystone-engines/examples/checkout-v1/generated/graph.json
Wrote /home/darkomijic/dev-libar/software-delivery-protocol-arc-keystone-engines/examples/checkout-v1/generated/contracts (3 modules)
specs/orders/create-order-invalid-cart.sdp.md — [warning] conformance/verifies-linkage — Example "spec:orders.create-order.invalid-cart" declares verifies → "spec:orders.create-order" but is not an enabled verifier — no test anchor binds it, so the spec↔test trace is incomplete and it confers no has-verifier.
validate: 0 errors · 1 warnings (conformance + honesty over the one graph)
Wrote /home/darkomijic/dev-libar/software-delivery-protocol-arc-keystone-engines/examples/checkout-v1/generated/design-review (13 pages)

> @libar-dev/software-delivery-protocol@0.0.0 preflight
> node ./preflight.mjs

preflight: semantic diff summary
AGENTS.md
preflight: tracked/untracked status inspected
exit: 0

=== AGENTS Plan 31 status commit (2026-08-14T20:33:57+02:00) ===
$ git status --short
 M AGENTS.md
$ git add AGENTS.md
git add exit: 0
$ git diff --cached --name-only
AGENTS.md
$ git commit -m "docs(handbook): mark plan 31 executed in AGENTS status"
[arc/keystone-engines 002849f] docs(handbook): mark plan 31 executed in AGENTS status
 1 file changed, 2 insertions(+), 2 deletions(-)
git commit exit: 0
$ git status --short --branch
## arc/keystone-engines...origin/main [ahead 12]

=== Final post-commit verification (2026-08-14T20:34:04+02:00) ===
$ grep -n -A3 "^> \*\*Status:\*\*" AGENTS.md
19:> **Status:** Specs and Packs default to the Markdown carrier; the TS DSL survives as import
20-> source and a lawful per-ID option (the carrier ruling, MD-18, completed by the Pack syntax
21-> ruling, MD-25). The Gherkin carrier option (MD-27) admits a graph-aware lawful per-ID option
22-> for behavior and example Specs. **plan 31 is EXECUTED** — carrier universality, derived
$ git show --format="%H %s" --name-only --no-renames HEAD
002849f3f8dcac2346967207dc9200ce9071964a docs(handbook): mark plan 31 executed in AGENTS status

AGENTS.md
$ git status --short --branch
## arc/keystone-engines...origin/main [ahead 12]
