TASK 6 — CENSUS PROJECTION EVIDENCE
Date: 2026-08-14
Worktree: /home/darkomijic/dev-libar/software-delivery-protocol-arc-keystone-engines

BASELINE CHARACTERIZATION (UNCHANGED CODE)
Command: npm test -- --run test/design-review.test.ts test/cli.test.ts -t 'golden correctness oracle|views the example: validate'
Exit: 0
Proof: Design Review focused golden test 1/1 passed; existing CLI suite 59/59 passed.

TDD RED
Command: npm test -- --run test/census.test.ts
Exit: 1
Proof: 11/11 census tests failed before production code (`renderCensus is not a function`; `census` unknown command).

TDD GREEN BEFORE FINAL INTEGRATION ATTEMPT
Command: npm test -- --run test/census.test.ts test/cli.test.ts
Exit: 0
Proof: census 11/11 passed; existing CLI 59/59 passed in one reliable run.
Covered: golden/missing output, graph permutation and byte identity, zero-count runtime constants, foreign unrecognized rows, separate stated/derived readiness, Reader-owned findings, anchor flavor, wholesale publication, drift refusal, independent check-clean twin, and stale-output invalidation on controlled build failure.

BUILD / TYPECHECK
Command: npm run typecheck && npm run build
Exit: 0
Proof: tsc clean; tsup ESM/CJS/DTS build succeeded. Existing tsup CJS import.meta warning only.

LSP DIAGNOSTICS
Blocked by tool workspace boundary before build. Every attempted changed-file diagnostic returned exactly:
`LSP file path must be inside request cwd`
The assigned worktree is a sibling of the session cwd, so the LSP tool refused both absolute and ../ paths. `npm run typecheck` passed as the available compiler diagnostic.

FRESH GRAPH / CANONICAL VALIDATION
Canonical fresh query without exclusions was blocked by unrelated concurrent Todo 4 content:
Command: npm run --silent sdp:q -- 'return { findings: report.findings, census: ... }' --json
Exit: 1
stderr:
specs/extraction/runnable-modules.sdp.md:18 — [error] extract/invalid-markdown-structure — raw HTML is unsupported
specs/extraction/runnable-modules.sdp.md:23 — [error] extract/invalid-markdown-structure — raw HTML is unsupported
sdp q: the graph did not derive — the body was not run.

Isolation query excluding only that concurrent file:
Exit: 0
Result: findings []; spec:consumers.census-page statedReadiness=defined, derivedReadiness=ready, deliveryFacts=[implemented].
No shared Pack, oracle, generated oracle, or concurrent Spec was edited.

REAL CLI QA
Literal command: node ./dist/cli/sdp.js census examples/checkout-v1
First exit: 0
Second exit: 0
Byte cmp exit: 0
Literal command: node ./dist/cli/sdp.js census examples/checkout-v1 --check-clean
Clean exit: 0
Observed page: generated/census/index.md; schema 0.5.0; all runtime kind/altitude/readiness/node/claim/delivery-fact/edge rows; zero-count inferred/observed/supersedes/memberOf/uses; separate readiness tables; Reader finding; Anchor/CodeNode + namespace + binding-edge flavors.
Expected fixture warning: conformance/verifies-linkage for invalid-cart.

DRIFT / STALE OUTPUT QA
A native structured edit appended `DISPOSABLE PERTURBATION` to the disposable generated census page.
Literal check-clean exit: 1
stderr: `sdp census --check-clean: generated census differs from the current projection.`
Postcondition: generated/census did not survive; generated/census.tmp did not survive.
Controlled failed-build stale-output refusal is also green in focused test `invalidates stale census output before a controlled failed build`; no sleeps or polling.

ADVERSARIAL
stale_state: passed (build invalidation + failed check removes current root)
generated_or_cached_artifacts: passed (reader-derived render; generated root disposable)
dirty_worktree: isolated census files; unrelated Todo 4/5 files preserved
dirty generated perturbation: cleaned by expected refusal; no census root remained current
generated byte identity: passed across two real generations
misleading_success_output: passed (drift exits 1 and names refusal)
malformed/unrecognized taxonomy: passed with sorted unrecognized rows
stale-output survival: passed (no current or tmp root)
flaky tests: no sleeps/polling; focused run passed once reliably
prompt injection: N/A
cancellation/resume: N/A
repeated interruptions: N/A

FINAL REQUESTED COMMAND — BLOCKER
Command: npm test -- --run test/census.test.ts test/cli.test.ts test/package-smoke.test.ts && npm run build && npm run typecheck && node ./dist/cli/sdp.js census examples/checkout-v1
Exit: 1 during package-smoke; later chained steps did not run.
Census tests: 11/11 passed.
Exact package-smoke mismatch: installed package additionally exports concurrent Todo 5 symbols `componentAnchorId` and `validateStructuralAnchorEdges`, but expectedRootExports does not yet list them.
Additional harness line: `A pooled test run mutated repository-root generated/ state; only the dedicated test/cli.test.ts pass may regenerate it.` This occurred during concurrent shared-lane activity; census tests only use temporary/example roots.
Per stop instruction, no shared Todo 5 expectation or generated state was edited to absorb this integration failure.

FINAL RESUME VERIFICATION — SHARED EXPORT UNION REPAIRED
Command (run once): npm test -- --run test/census.test.ts test/cli.test.ts test/package-smoke.test.ts
Results:
- census: 11/11 passed
- package smoke: 1/1 passed, including renderCensus + Todo 5 exports
- CLI: 58/59 passed; the sole failure is outside census ownership. The self-hosting default-root test expected empty stderr and received exactly:
  specs/extraction/runnable-modules.sdp.md — [warning] honesty/gaps — Spec "spec:extraction.runnable-modules" states readiness "ready" with no resolving verifier — a gap, informative only (ready never requires delivery facts).
This is the current Todo 4 integration state, replacing the earlier raw-HTML failure at lines 18/23. No runnable-module file was edited.

Command: npm run build && npm run typecheck
Exit: 0
Proof: ESM/CJS/DTS build succeeded; tsc emitted no diagnostics. Existing CJS import.meta build warning remains unrelated.

FINAL REAL BINARY QA
Command sequence:
1. node ./dist/cli/sdp.js census examples/checkout-v1
2. copy first index bytes
3. node ./dist/cli/sdp.js census examples/checkout-v1
4. cmp first bytes against second index
5. node ./dist/cli/sdp.js census examples/checkout-v1 --check-clean
Results: generate_first=0, generate_second=0, byte_diff=0, check_clean=0.

Perturbed check-clean:
- Native structured edit appended `DISPOSABLE FINAL QA PERTURBATION`.
- Binary exit: 1.
- Exact census refusal: `sdp census --check-clean: generated census differs from the current projection.`
- generated/census absent afterward: yes.
- generated/census.tmp absent afterward: yes.

Controlled real failed build:
- Root: /tmp/sdp-census-stale-st019fffc4
- Planted stale generated/census/index.md and generated/census.tmp/partial.md.
- Binary command: node ./dist/cli/sdp.js census /tmp/sdp-census-stale-st019fffc4
- Exit: 1.
- Exact cause: specs/non-static-id.sdp.ts:4 — [error] extract/non-static-envelope — envelope field "id" did not reify: TemplateExpression is outside the static value grammar...
- Exact command refusal: `sdp census: hard errors present — graph.json not written.`
- stale census absent afterward: yes.
- census.tmp absent afterward: yes.

FINAL CLEANUP RECEIPT
- Disposable QA root removed.
- Capture files removed.
- Perturbed generated census was removed by refusal.
- A final successful real census generation restored examples/checkout-v1/generated/census/index.md; exit 0.
- No temporary census sibling survives.
- No structural or runnable-module file was modified by Task 6.
- No destructive git command and no commit.

TODO 6-OWNED FORMATTER CONFIRMATION — 2026-08-14
Formatter command (exactly the two owned files requested):
`npx prettier --write src/projections/census.ts test/census.test.ts`
Exit: 0
Output:
- `src/projections/census.ts 177ms`
- `test/census.test.ts 73ms`
Inspection: both files are untracked Todo 6 additions, so ordinary `git diff -- <files>` was empty; native full-file inspection confirmed formatter-only layout changes (import compaction and line wrapping), with no behavior change.

Focused formatter check:
Command: `npx prettier --check src/projections/census.ts test/census.test.ts`
Exit: 0
Exact output:
`Checking formatting...`
`All matched files use Prettier code style!`

Focused tests:
Command: `npm test -- --run test/census.test.ts test/package-smoke.test.ts`
Exit: 0
Exact totals:
- Test Files: 2 passed (2)
- Tests: 12 passed (12)
- `test/census.test.ts`: 11 passed
- `test/package-smoke.test.ts`: 1 passed
Package tarball smoke includes the repaired shared export union (`renderCensus`, `componentAnchorId`, `validateStructuralAnchorEdges`). Existing CJS `import.meta` warning is unchanged and non-failing.

Build:
Command: `npm run build`
Exit: 0
Exact result: CJS, ESM, and DTS builds succeeded. Existing non-failing warning: `import.meta` is unavailable in CJS at `src/extract/protocol-bindings.ts:53:20`.

Typecheck:
Command: `npm run typecheck`
Exit: 0
Exact output: `tsc --noEmit -p tsconfig.json` with no diagnostics.

SERIALIZED INTEGRATION DEPENDENCY
Todo 6-owned formatting, tests, public-package smoke, build, and typecheck are green. Pack membership, self-hosting oracle/generated absorption, the runnable-module lane, and full `npm run check` are explicitly owned by the later serialized integration worker. This task did not edit Pack, self-hosting oracle, shared generated, structural-anchor, or runnable-module files.
