$ npm run check
exit=0 (completed above; rerun boundary verification below)
$ npm run --silent sdp -- validate . --exclude explorations --exclude examples --exclude test/fixtures/import/parity
154 specs · 1 packs · 141 anchors → 296 nodes · 559 edges (0 errors, 0 warnings)
Wrote /home/darkomijic/dev-libar/sdp-t10-lane/generated/graph.json
Wrote /home/darkomijic/dev-libar/sdp-t10-lane/generated/contracts (101 modules)
validate: 0 errors · 0 warnings (conformance + honesty over the one graph)
$ npm run --silent sdp -- census examples/checkout-v1
11 specs · 1 packs · 5 anchors → 17 nodes · 32 edges (0 errors, 0 warnings)
Wrote /home/darkomijic/dev-libar/sdp-t10-lane/examples/checkout-v1/generated/graph.json
Wrote /home/darkomijic/dev-libar/sdp-t10-lane/examples/checkout-v1/generated/contracts (3 modules)
specs/orders/create-order-invalid-cart.sdp.md — [warning] conformance/verifies-linkage — Example "spec:orders.create-order.invalid-cart" declares verifies → "spec:orders.create-order" but is not an enabled verifier — no test anchor binds it, so the spec↔test trace is incomplete and it confers no has-verifier.
validate: 0 errors · 1 warnings (conformance + honesty over the one graph)
Wrote /home/darkomijic/dev-libar/sdp-t10-lane/examples/checkout-v1/generated/census (1 pages)
$ npm run --silent sdp -- census examples/checkout-v1 --check-clean
11 specs · 1 packs · 5 anchors → 17 nodes · 32 edges (0 errors, 0 warnings)
Wrote /home/darkomijic/dev-libar/sdp-t10-lane/examples/checkout-v1/generated/graph.json
Wrote /home/darkomijic/dev-libar/sdp-t10-lane/examples/checkout-v1/generated/contracts (3 modules)
specs/orders/create-order-invalid-cart.sdp.md — [warning] conformance/verifies-linkage — Example "spec:orders.create-order.invalid-cart" declares verifies → "spec:orders.create-order" but is not an enabled verifier — no test anchor binds it, so the spec↔test trace is incomplete and it confers no has-verifier.
validate: 0 errors · 1 warnings (conformance + honesty over the one graph)
Wrote /home/darkomijic/dev-libar/sdp-t10-lane/examples/checkout-v1/generated/census (1 pages)
cmp=identical
$ npm test -- --run test/census.test.ts

> @libar-dev/software-delivery-protocol@0.0.0 test
> node ./vitest-test.mjs --run test/census.test.ts


 RUN  v4.1.10 /home/darkomijic/dev-libar/sdp-t10-lane


 Test Files  1 passed (1)
      Tests  13 passed (13)
   Start at  18:39:27
   Duration  1.38s (transform 461ms, setup 0ms, import 889ms, tests 311ms, environment 0ms)


> @libar-dev/software-delivery-protocol@0.0.0 check
> npm run check:temporal && npm run lint && npm run format:check && npm run build && npm run generate:self-hosting && npm run generate:example && npm run typecheck && npm run typecheck:examples && npm test && npm run check:self-hosting-gates && npm run check:self-hosting && npm run check:example && npm run preflight


> @libar-dev/software-delivery-protocol@0.0.0 check:temporal
> node ./check-temporal.mjs


> @libar-dev/software-delivery-protocol@0.0.0 lint
> eslint .


> @libar-dev/software-delivery-protocol@0.0.0 format:check
> prettier --check .

Checking formatting...
All matched files use Prettier code style!

> @libar-dev/software-delivery-protocol@0.0.0 build
> tsup

CLI Building entry: src/index.ts
CLI Using tsconfig: tsconfig.json
CLI tsup v8.5.1
CLI Using tsup config: /home/darkomijic/dev-libar/sdp-t10-lane/tsup.config.ts
CLI Building entry: src/index.ts, src/adapters/vitest.ts, src/cli/sdp.ts, src/runner/index.ts
CLI Using tsconfig: tsconfig.json
CLI tsup v8.5.1
CLI Using tsup config: /home/darkomijic/dev-libar/sdp-t10-lane/tsup.config.ts
CLI Target: es2022
CJS Build start
CLI Target: es2022
CLI Cleaning output folder
ESM Build start

 WARN  [33m▲ [43;33m[[43;30mWARNING[43;33m][0m [1m"import.meta" is not available with the "cjs" output format and will be empty[0m [empty-import-meta]

    src/extract/protocol-bindings.ts:53:20:
[37m      53 │   const moduleUrl = [32mimport.meta[37m.url;
         ╵                     [32m~~~~~~~~~~~[0m

  You need to set the output format to "esm" for "import.meta" to work correctly.



CJS dist/index.cjs 315.57 KB
CJS ⚡️ Build success in 95ms
ESM dist/adapters/vitest.js 8.88 KB
ESM dist/runner/index.js    8.39 KB
ESM dist/index.js           309.77 KB
ESM dist/cli/sdp.js         346.60 KB
ESM ⚡️ Build success in 92ms
DTS Build start
DTS ⚡️ Build success in 4093ms
DTS dist/adapters/vitest.d.ts 281.00 B
DTS dist/cli/sdp.d.ts         7.28 KB
DTS dist/index.d.ts           18.63 KB
DTS dist/runner/index.d.ts    5.23 KB
DTS dist/census-Bm6t4pj5.d.ts 47.85 KB

> @libar-dev/software-delivery-protocol@0.0.0 generate:self-hosting
> node ./dist/cli/sdp.js view . --exclude explorations --exclude examples --exclude test/fixtures/import/parity

154 specs · 1 packs · 141 anchors → 296 nodes · 559 edges (0 errors, 0 warnings)
Wrote /home/darkomijic/dev-libar/sdp-t10-lane/generated/graph.json
Wrote /home/darkomijic/dev-libar/sdp-t10-lane/generated/contracts (101 modules)
validate: 0 errors · 0 warnings (conformance + honesty over the one graph)
Wrote /home/darkomijic/dev-libar/sdp-t10-lane/generated/design-review (156 pages)

> @libar-dev/software-delivery-protocol@0.0.0 generate:example
> node ./dist/cli/sdp.js build examples/checkout-v1

11 specs · 1 packs · 5 anchors → 17 nodes · 32 edges (0 errors, 0 warnings)
Wrote /home/darkomijic/dev-libar/sdp-t10-lane/examples/checkout-v1/generated/graph.json
Wrote /home/darkomijic/dev-libar/sdp-t10-lane/examples/checkout-v1/generated/contracts (3 modules)

> @libar-dev/software-delivery-protocol@0.0.0 typecheck
> tsc --noEmit -p tsconfig.json


> @libar-dev/software-delivery-protocol@0.0.0 typecheck:examples
> tsc --noEmit -p tsconfig.examples.json


> @libar-dev/software-delivery-protocol@0.0.0 test
> node ./vitest-test.mjs


 RUN  v4.1.10 /home/darkomijic/dev-libar/sdp-t10-lane

[warn] [33m▲ [43;33m[[43;30mWARNING[43;33m][0m [1m"import.meta" is not available with the "cjs" output format and will be empty[0m [empty-import-meta]

    src/extract/protocol-bindings.ts:53:20:
[37m      53 │   const moduleUrl = [32mimport.meta[37m.url;
         ╵                     [32m~~~~~~~~~~~[0m

  You need to set the output format to "esm" for "import.meta" to work correctly.


npm notice
npm notice 📦  @libar-dev/software-delivery-protocol@0.0.0
npm notice Tarball Contents
npm notice 6.5kB .agents/skills/sdp-agent-surface/SKILL.md
npm notice 9.6kB .agents/skills/sdp-authoring/SKILL.md
npm notice 3.5kB .agents/skills/sdp-sessions/SKILL.md
npm notice 11.4kB LICENSE
npm notice 5.8kB README.md
npm notice 281B dist/adapters/vitest.d.ts
npm notice 9.1kB dist/adapters/vitest.js
npm notice 49.2kB dist/census-Bm6t4pj5.d.ts
npm notice 7.5kB dist/cli/sdp.d.ts
npm notice 354.9kB dist/cli/sdp.js
npm notice 323.2kB dist/index.cjs
npm notice 19.2kB dist/index.d.ts
npm notice 317.2kB dist/index.js
npm notice 5.4kB dist/runner/index.d.ts
npm notice 8.6kB dist/runner/index.js
npm notice 17.9kB docs/agent-surface/recipes.md
npm notice 3.1kB package.json
npm notice Tarball Details
npm notice name: @libar-dev/software-delivery-protocol
npm notice version: 0.0.0
npm notice filename: libar-dev-software-delivery-protocol-0.0.0.tgz
npm notice package size: 249.2 kB
npm notice unpacked size: 1.2 MB
npm notice shasum: af15c96a67edcc8c02897f22741c2ebec02fe793
npm notice integrity: sha512-5Ne+ZqmQOGObm[...]PvEpdTwt/SmGA==
npm notice total files: 17
npm notice

 Test Files  56 passed (56)
      Tests  734 passed | 1 skipped (735)
   Start at  18:40:00
   Duration  18.20s (transform 4.51s, setup 0ms, import 55.62s, tests 38.36s, environment 13ms)


 RUN  v4.1.10 /home/darkomijic/dev-libar/sdp-t10-lane


 Test Files  1 passed (1)
      Tests  59 passed (59)
   Start at  18:40:18
   Duration  3.71s (transform 418ms, setup 0ms, import 794ms, tests 2.79s, environment 0ms)


> @libar-dev/software-delivery-protocol@0.0.0 check:self-hosting-gates
> node ./check-self-hosting-gates.mjs

{
  "surfaces": {
    "plan": "plans/17-self-hosting-v1.md",
    "plan16": "plans/16-carrier-ruling.md",
    "agents": "AGENTS.md",
    "decisions": "docs/concept/DECISIONS.md",
    "glossary": "CONTEXT.md",
    "phase2Plan": "plans/18-self-hosting-phase-2.md",
    "currentPlan": "plans/31-carrier-universality-runnable-modules-projections-structural-anchors.md",
    "package": "package.json"
  },
  "currentRecord": {
    "status": "EXECUTING",
    "gateLegs": [
      "check:temporal",
      "lint",
      "format:check",
      "build",
      "generate:self-hosting",
      "generate:example",
      "typecheck",
      "typecheck:examples",
      "test",
      "check:self-hosting-gates",
      "check:self-hosting",
      "check:example",
      "preflight"
    ]
  },
  "temporal": {
    "ran": true,
    "exit": 0
  },
  "docket": {
    "total": 25,
    "nonPending": 25,
    "dispositions": [
      {
        "item": "Frontmatter envelope schema (17)",
        "state": "done"
      },
      {
        "item": "Editor-association gap (17)",
        "state": "deferred"
      },
      {
        "item": "Fence names (17)",
        "state": "done"
      },
      {
        "item": "Slot sigils (17)",
        "state": "done"
      },
      {
        "item": "Single-literal vocabulary form (17)",
        "state": "dropped"
      },
      {
        "item": "Table-sugar syntax (17)",
        "state": "dropped"
      },
      {
        "item": "Prose edge-text ownership rule (17)",
        "state": "done"
      },
      {
        "item": "Diagnostics register (17)",
        "state": "done"
      },
      {
        "item": "Carrier seam public API (18)",
        "state": "done"
      },
      {
        "item": "Product parser (18)",
        "state": "done"
      },
      {
        "item": "`sdp import` emitter (18)",
        "state": "deferred"
      },
      {
        "item": "checkout-v1 migration + canonical flip (18)",
        "state": "deferred"
      },
      {
        "item": "Self-hosting pack (19)",
        "state": "done"
      },
      {
        "item": "Decision-spec fold (19)",
        "state": "done"
      },
      {
        "item": "Doc-repair bill (19)",
        "state": "done"
      },
      {
        "item": "Extraction-root & exclusion policy (new — forced by self-hosting)",
        "state": "done"
      },
      {
        "item": "Graph schema-version policy for prose fields (new)",
        "state": "done"
      },
      {
        "item": "Carrier-ruling transition-clause amendment (new — forced by the interim story)",
        "state": "done"
      },
      {
        "item": "Public/package API proof (new — forced by grounded review)",
        "state": "done"
      },
      {
        "item": "Temporal-scan coverage (new — forced by grounded review)",
        "state": "done"
      },
      {
        "item": "Root generated-state isolation (new — forced by grounded review)",
        "state": "done"
      },
      {
        "item": "Clean-clone proof (new — forced by grounded review)",
        "state": "done"
      },
      {
        "item": "JTBD carrier repair (new — drift found by grounded review)",
        "state": "done"
      },
      {
        "item": "MD-15 wording repair (new — forced by the carrier ruling)",
        "state": "done"
      },
      {
        "item": "Four-gate review ledger (new — forced by the owner-gate design)",
        "state": "done"
      }
    ],
    "pending": []
  },
  "adrDispositions": {
    "the strict consumer-exclusion contract (MD-20)": "diary entry entered — three-part test passes",
    "the envelope-grammar ownership posture (MD-21)": "diary entry entered — three-part test passes"
  },
  "ledger": {
    "gate1": {
      "meaning": "schema freeze",
      "disposition": "accepted",
      "date": "2026-07-18",
      "sha": "aca79090529c2f6625ceafc78f33e16da81bfcb1",
      "corrections": "none"
    },
    "gate2": {
      "meaning": "corpus/readiness",
      "disposition": "accepted",
      "date": "2026-07-18",
      "sha": "cdb68fc1564c9167ebc0372ba8f8599a97df4393",
      "corrections": "none"
    },
    "gate3": {
      "meaning": "executable loop",
      "disposition": "accepted",
      "date": "2026-07-18",
      "sha": "1687885df7b1898c56e154ce2dbe4fa3c6c6c425",
      "corrections": "none"
    },
    "gate4": {
      "meaning": "whole-phase review and the phase-2 disposition",
      "disposition": "accepted",
      "date": "2026-07-18",
      "sha": "1d9f38c7a993f9cdc27cc4e178e211e33286758b",
      "corrections": "24f9978: docs(concept): record the landed prose projection in 06"
    }
  },
  "phase2Ledger": "G1-G8 scaffold checked"
}

> @libar-dev/software-delivery-protocol@0.0.0 check:self-hosting
> node ./dist/cli/sdp.js view . --exclude explorations --exclude examples --exclude test/fixtures/import/parity --check-clean

154 specs · 1 packs · 141 anchors → 296 nodes · 559 edges (0 errors, 0 warnings)
Wrote /home/darkomijic/dev-libar/sdp-t10-lane/generated/graph.json
Wrote /home/darkomijic/dev-libar/sdp-t10-lane/generated/contracts (101 modules)
validate: 0 errors · 0 warnings (conformance + honesty over the one graph)
Wrote /home/darkomijic/dev-libar/sdp-t10-lane/generated/design-review (156 pages)

> @libar-dev/software-delivery-protocol@0.0.0 check:example
> node ./dist/cli/sdp.js view examples/checkout-v1 --check-clean

11 specs · 1 packs · 5 anchors → 17 nodes · 32 edges (0 errors, 0 warnings)
Wrote /home/darkomijic/dev-libar/sdp-t10-lane/examples/checkout-v1/generated/graph.json
Wrote /home/darkomijic/dev-libar/sdp-t10-lane/examples/checkout-v1/generated/contracts (3 modules)
specs/orders/create-order-invalid-cart.sdp.md — [warning] conformance/verifies-linkage — Example "spec:orders.create-order.invalid-cart" declares verifies → "spec:orders.create-order" but is not an enabled verifier — no test anchor binds it, so the spec↔test trace is incomplete and it confers no has-verifier.
validate: 0 errors · 1 warnings (conformance + honesty over the one graph)
Wrote /home/darkomijic/dev-libar/sdp-t10-lane/examples/checkout-v1/generated/design-review (13 pages)

> @libar-dev/software-delivery-protocol@0.0.0 preflight
> node ./preflight.mjs

preflight: semantic diff summary
src/projections/census.ts
test/census.test.ts
test/fixtures/checkout-v1/expected-census/index.md
preflight: tracked/untracked status inspected

full-check-exit=0
