Task 8 mutation proof — 2026-08-14

$ mutate examples/checkout-v1/specs/orders/create-order-valid-cart.sdp.md {total: 100} -> {total: 101}
$ npm run generate:example

> @libar-dev/software-delivery-protocol@0.0.0 generate:example
> node ./dist/cli/sdp.js build examples/checkout-v1

11 specs · 1 packs · 5 anchors → 17 nodes · 32 edges (0 errors, 0 warnings)
Wrote /home/darkomijic/dev-libar/software-delivery-protocol-arc-keystone-engines/examples/checkout-v1/generated/graph.json
Wrote /home/darkomijic/dev-libar/software-delivery-protocol-arc-keystone-engines/examples/checkout-v1/generated/contracts (3 modules)

$ npx vitest run examples/checkout-v1/test/orders/create-order.valid-cart.test.ts
exit: 1

 RUN  v4.1.10 /home/darkomijic/dev-libar/software-delivery-protocol-arc-keystone-engines

 ❯ examples/checkout-v1/test/orders/create-order.valid-cart.test.ts (1 test | 1 failed) 8ms
     × executes the bound example against a fresh world 6ms

⎯⎯⎯⎯⎯⎯⎯ Failed Tests 1 ⎯⎯⎯⎯⎯⎯⎯

 FAIL  examples/checkout-v1/test/orders/create-order.valid-cart.test.ts > Valid cart creates an order (spec:orders.create-order.valid-cart) > executes the bound example against a fresh world
Error: at step: Then an order is created with total 101
at step: Then an order is created with total 101
Spec Then parameters do not match the oracle payload
$.total: expected 101, actual 100
 ❯ assertDeepEqual src/testing/index.ts:138:9
    136|   }
    137|
    138|   throw new Error(`${context}\n${firstDifference(expected, actual, "$"…
       |         ^
    139| }
    140|
 ❯ compareContractOutcome src/testing/index.ts:74:3
 ❯ Object.an order is created with total {total} examples/checkout-v1/test/orders/orders.create-order.valid-cart.test.generated.ts:44:7
 ❯ Object.run src/runner/index.ts:117:45
 ❯ runExamplePlan src/runner/index.ts:135:18
 ❯ src/adapters/vitest.ts:37:7

⎯⎯⎯⎯⎯⎯⎯⎯⎯⎯⎯⎯⎯⎯⎯⎯⎯⎯⎯⎯⎯⎯⎯⎯[1/1]⎯


 Test Files  1 failed (1)
      Tests  1 failed (1)
   Start at  18:43:03
   Duration  860ms (transform 361ms, setup 0ms, import 721ms, tests 8ms, environment 0ms)


$ restore Spec and npm run generate:example; mutate create-order.oracle.ts expected total with + 1
$ npx vitest run examples/checkout-v1/test/orders/create-order.valid-cart.test.ts
exit: 1

 RUN  v4.1.10 /home/darkomijic/dev-libar/software-delivery-protocol-arc-keystone-engines

 ❯ examples/checkout-v1/test/orders/create-order.valid-cart.test.ts (1 test | 1 failed) 8ms
     × executes the bound example against a fresh world 6ms

⎯⎯⎯⎯⎯⎯⎯ Failed Tests 1 ⎯⎯⎯⎯⎯⎯⎯

 FAIL  examples/checkout-v1/test/orders/create-order.valid-cart.test.ts > Valid cart creates an order (spec:orders.create-order.valid-cart) > executes the bound example against a fresh world
Error: at step: Then an order is created with total 100
at step: Then an order is created with total 100
Spec Then parameters do not match the oracle payload
$.total: expected 100, actual 101
 ❯ assertDeepEqual src/testing/index.ts:138:9
    136|   }
    137|
    138|   throw new Error(`${context}\n${firstDifference(expected, actual, "$"…
       |         ^
    139| }
    140|
 ❯ compareContractOutcome src/testing/index.ts:74:3
 ❯ Object.an order is created with total {total} examples/checkout-v1/test/orders/orders.create-order.valid-cart.test.generated.ts:44:7
 ❯ Object.run src/runner/index.ts:117:45
 ❯ runExamplePlan src/runner/index.ts:135:18
 ❯ src/adapters/vitest.ts:37:7

⎯⎯⎯⎯⎯⎯⎯⎯⎯⎯⎯⎯⎯⎯⎯⎯⎯⎯⎯⎯⎯⎯⎯⎯[1/1]⎯


 Test Files  1 failed (1)
      Tests  1 failed (1)
   Start at  18:43:05
   Duration  849ms (transform 350ms, setup 0ms, import 712ms, tests 8ms, environment 0ms)


$ restore oracle
$ npx vitest run examples/checkout-v1/test/orders/create-order.valid-cart.test.ts
exit: 0

 RUN  v4.1.10 /home/darkomijic/dev-libar/software-delivery-protocol-arc-keystone-engines


 Test Files  1 passed (1)
      Tests  1 passed (1)
   Start at  18:43:07
   Duration  824ms (transform 337ms, setup 0ms, import 694ms, tests 5ms, environment 0ms)

