$ node ./check-carrier-rule.mjs
check-carrier-rule — all surfaces agree: canonical-default carrier rule and relations distinction.

$ node ./check-carrier-truth.mjs
check-carrier-truth — 32 repaired claims hold; 19 corpus files scanned; 52 retained mentions classified (no active unqualified sole-TS claim).

$ node ./check-self-hosting-gates.mjs
{
  "temporal": { "ran": true, "exit": 0 },
  "docket": { "total": 25, "nonPending": 25, "pending": [] },
  "phase2Ledger": "G1-G8 scaffold checked"
}

$ grep -rn "until the ruled flip" --include="*.md" --exclude-dir=plans --exclude-dir=reviews --exclude-dir=.omo --exclude-dir=node_modules --exclude-dir=dist .
(no output; exit 0)

$ grep -rn "check-carrier-interim" --exclude-dir=plans --exclude-dir=reviews --exclude-dir=.omo --exclude-dir=node_modules --exclude-dir=dist .
(no output; exit 0)

$ npm run check
check:temporal: passed
lint: passed
format:check: All matched files use Prettier code style!
build: passed
generate:self-hosting: 16 specs · 1 packs · 16 anchors → 33 nodes · 57 edges (0 errors, 0 warnings)
generate:example: 11 specs · 1 packs · 5 anchors → 17 nodes · 32 edges (0 errors, 0 warnings)
typecheck: passed
typecheck:examples: passed
test: 31 files passed, 426 tests passed; CLI suite: 1 file passed, 54 tests passed
check:self-hosting: passed
check:example: passed (0 errors, 1 expected verifies-linkage warning)
preflight: tracked/untracked status inspected
exit: 0
