
 RUN  v2.1.9 /Users/darkomijic/dev-projects/libar-software-delivery-protocol

 ❯ test/design-review.test.ts (19 tests | 1 failed) 438ms
   ✓ the Design Review — the one generated read-only view > renders the committed self-hosting corpus byte-identically at two absolute roots 410ms
   × the Design Review — the one generated read-only view > renders byte-identically when graph and dynamic-key insertion orders differ 7ms
     → expected [ { path: 'index.md', …(1) }, …(2) ] to deeply equal [ { path: 'index.md', …(1) }, …(2) ]

⎯⎯⎯⎯⎯⎯⎯ Failed Tests 1 ⎯⎯⎯⎯⎯⎯⎯

 FAIL  test/design-review.test.ts > the Design Review — the one generated read-only view > renders byte-identically when graph and dynamic-key insertion orders differ
AssertionError: expected [ { path: 'index.md', …(1) }, …(2) ] to deeply equal [ { path: 'index.md', …(1) }, …(2) ]

- Expected
+ Received

  Array [
    Object {
      "content": "# Design Review

  The one generated read-only view — a pure projection of the one graph (`graph.json`, schema `0.4.0`): 2 nodes · 0 edges.

  ## Specs

  | Spec | Kind | Altitude | Stated | Floor reached | Implementation binding | Verifier binding |
  |---|---|---|---|---|---|---|
  | [`spec:orders.dynamic-order`](spec/orders.dynamic-order.md) Dynamic order | model | story | idea | idea | none | none |
  | [`spec:orders.peer`](spec/orders.peer.md) Peer | behavior | story | idea | idea | none | none |

  ## Findings

  | Severity | Check | Message | Where |
  |---|---|---|---|
  | warning | `conformance/orphans` | Spec \"spec:orders.dynamic-order\" is an orphan — no relations and nothing pointing at it; it has fallen out of the graph's connective tissue (informative, never a gate). | `specs/fixture.sdp.ts` |
  | warning | `conformance/orphans` | Spec \"spec:orders.peer\" is an orphan — no relations and nothing pointing at it; it has fallen out of the graph's connective tissue (informative, never a gate). | `specs/fixture.sdp.ts` |

  ---

  *Generated from the one graph by `sdp view` — read-only; regenerate to update.*
  ",
      "path": "index.md",
    },
    Object {
      "content": "# Dynamic order

  `spec:orders.dynamic-order` · Domain Model (`model`) · altitude `story` · authored in [specs/fixture.sdp.ts](../../../specs/fixture.sdp.ts) `[declared]`

  **Readiness:** stated `idea` · structural floor reached: `idea`

  ## Bindings

  - Implementation binding: **none**
  - Verifier binding: **none**
  - Expected-outcome oracle: **none**
  - Runtime observation: **not tracked**

  ## Intent

  - **outcome:** Render dynamic fields deterministically.

  ## Domain vocabulary

  | Term | Definition |
  |---|---|
+ | Alpha | First term. |
  | Zebra | Last term. |
- | Alpha | First term. |

  ## Design

  ```json
  {
-   \"zeta\": \"last value\",
-   \"alpha\": \"first value\"
+   \"alpha\": \"first value\",
+   \"zeta\": \"last value\"
  }
  ```

  ## Findings

  | Severity | Check | Message | Where |
  |---|---|---|---|
  | warning | `conformance/orphans` | Spec \"spec:orders.dynamic-order\" is an orphan — no relations and nothing pointing at it; it has fallen out of the graph's connective tissue (informative, never a gate). | `specs/fixture.sdp.ts` |

  ---

  *Generated from the one graph by `sdp view` — read-only; regenerate to update.*
  ",
      "path": "spec/orders.dynamic-order.md",
    },
    Object {
      "content": "# Peer

  `spec:orders.peer` · Use Case / Behavior (`behavior`) · altitude `story` · authored in [specs/fixture.sdp.ts](../../../specs/fixture.sdp.ts) `[declared]`

  **Readiness:** stated `idea` · structural floor reached: `idea`

  ## Bindings

  - Implementation binding: **none**
  - Verifier binding: **none**
  - Expected-outcome oracle: **none**
  - Runtime observation: **not tracked**

  ## Intent

  - **outcome:** Vary graph node insertion order.

  ## Findings

  | Severity | Check | Message | Where |
  |---|---|---|---|
  | warning | `conformance/orphans` | Spec \"spec:orders.peer\" is an orphan — no relations and nothing pointing at it; it has fallen out of the graph's connective tissue (informative, never a gate). | `specs/fixture.sdp.ts` |

  ---

  *Generated from the one graph by `sdp view` — read-only; regenerate to update.*
  ",
      "path": "spec/orders.peer.md",
    },
  ]

 ❯ test/design-review.test.ts:325:27
    323|     const permutedPages = renderDesignReview(createReader(permuted));
    324| 
    325|     expect(permutedPages).toEqual(firstPages);
       |                           ^
    326|   });
    327| 

⎯⎯⎯⎯⎯⎯⎯⎯⎯⎯⎯⎯⎯⎯⎯⎯⎯⎯⎯⎯⎯⎯⎯⎯[1/1]⎯

 Test Files  1 failed (1)
      Tests  1 failed | 18 passed (19)
   Start at  18:41:02
   Duration  1.48s (transform 197ms, setup 0ms, collect 696ms, tests 438ms, environment 0ms, prepare 72ms)


=== RED 2: uniform escaping ===

 RUN  v2.1.9 /Users/darkomijic/dev-projects/libar-software-delivery-protocol

 ❯ test/design-review.test.ts (20 tests | 1 failed) 286ms
   × the Design Review — the one generated read-only view > escapes every rendered authored field with one uniform policy 6ms
     → expected '# Render <tag> & fields\n\n`spec:orde…' to contain '# Render &lt;tag&gt; &amp; fields'

⎯⎯⎯⎯⎯⎯⎯ Failed Tests 1 ⎯⎯⎯⎯⎯⎯⎯

 FAIL  test/design-review.test.ts > the Design Review — the one generated read-only view > escapes every rendered authored field with one uniform policy
AssertionError: expected '# Render <tag> & fields\n\n`spec:orde…' to contain '# Render &lt;tag&gt; &amp; fields'

- Expected
+ Received

- # Render &lt;tag&gt; &amp; fields
+ # Render <tag> & fields
+
+ `spec:orders.escaping` · Use Case / Behavior (`behavior`) · altitude `story` · authored in [specs/fixture.sdp.ts](../../../specs/fixture.sdp.ts) `[declared]`
+
+ **Readiness:** stated `idea` · structural floor reached: `idea`
+
+ ## Bindings
+
+ - Implementation binding: **none**
+ - Verifier binding: **none**
+ - Expected-outcome oracle: **none**
+ - Runtime observation: **not tracked**
+
+ ## Intent
+
+ - **outcome:** Keep <outcome> & visible.
+
+ ## Behavior
+
+ ### Rules
+
+ - Keep <rule> & stable.
+
+ ## Domain vocabulary
+
+ | Term | Definition |
+ |---|---|
+ | <Term> & | Define <term> & safely. |
+
+ ## Verification intent
+
+ - **mode:** `reviewed`
+
+ ### Criteria
+
+ - Inspect <criterion> & output.
+
+ ## Design
+
+ ```json
+ {
+   "surface": "Review <design> & safely."
+ }
+ ```
+
+ ## Findings
+
+ | Severity | Check | Message | Where |
+ |---|---|---|---|
+ | warning | `conformance/orphans` | Spec "spec:orders.escaping" is an orphan — no relations and nothing pointing at it; it has fallen out of the graph's connective tissue (informative, never a gate). | `specs/fixture.sdp.ts` |
+
+ ---
+
+ *Generated from the one graph by `sdp view` — read-only; regenerate to update.*
+

 ❯ test/design-review.test.ts:354:18
    352|     );
    353| 
    354|     expect(page).toContain("# Render &lt;tag&gt; &amp; fields");
       |                  ^
    355|     expect(page).toContain("- **outcome:** Keep &lt;outcome&gt; &amp; …
    356|     expect(page).toContain("- Keep &lt;rule&gt; &amp; stable.");

⎯⎯⎯⎯⎯⎯⎯⎯⎯⎯⎯⎯⎯⎯⎯⎯⎯⎯⎯⎯⎯⎯⎯⎯[1/1]⎯

 Test Files  1 failed (1)
      Tests  1 failed | 19 passed (20)
   Start at  18:42:32
   Duration  1.18s (transform 202ms, setup 0ms, collect 612ms, tests 286ms, environment 0ms, prepare 84ms)

