
> @libar-dev/software-delivery-protocol@0.0.0 check
> npm run check:temporal && npm run lint && npm run format:check && npm run build && npm run generate:self-hosting && npm run generate:example && npm run typecheck && npm run typecheck:examples && npm test && npm run check:self-hosting && npm run check:example && npm run preflight


> @libar-dev/software-delivery-protocol@0.0.0 check:temporal
> node ./check-temporal.mjs


> @libar-dev/software-delivery-protocol@0.0.0 lint
> eslint .


> @libar-dev/software-delivery-protocol@0.0.0 format:check
> prettier --check .

Checking formatting...
All matched files use Prettier code style!

> @libar-dev/software-delivery-protocol@0.0.0 build
> tsup

CLI Building entry: src/index.ts, src/cli/sdp.ts, src/adapters/vitest.ts, src/runner/index.ts
CLI Using tsconfig: tsconfig.json
CLI tsup v8.5.1
CLI Using tsup config: /Users/darkomijic/dev-projects/libar-software-delivery-protocol/tsup.config.ts
CLI Target: es2022
CLI Cleaning output folder
ESM Build start
ESM dist/index.js           215.94 KB
ESM dist/adapters/vitest.js 5.51 KB
ESM dist/runner/index.js    5.25 KB
ESM dist/cli/sdp.js         226.23 KB
ESM ⚡️ Build success in 128ms
DTS Build start
DTS ⚡️ Build success in 3169ms
DTS dist/adapters/vitest.d.ts 1004.00 B
DTS dist/cli/sdp.d.ts         3.58 KB
DTS dist/index.d.ts           16.58 KB
DTS dist/runner/index.d.ts    5.23 KB
DTS dist/index-Co8juApA.d.ts  45.48 KB

> @libar-dev/software-delivery-protocol@0.0.0 generate:self-hosting
> node ./dist/cli/sdp.js view . --exclude explorations --exclude examples

15 specs · 1 packs · 15 anchors → 31 nodes · 53 edges (0 errors, 0 warnings)
Wrote /Users/darkomijic/dev-projects/libar-software-delivery-protocol/generated/graph.json
Wrote /Users/darkomijic/dev-projects/libar-software-delivery-protocol/generated/contracts (2 modules)
validate: 0 errors · 0 warnings (conformance + honesty over the one graph)
Wrote /Users/darkomijic/dev-projects/libar-software-delivery-protocol/generated/design-review (17 pages)

> @libar-dev/software-delivery-protocol@0.0.0 generate:example
> node ./dist/cli/sdp.js build examples/checkout-v1

11 specs · 1 packs · 5 anchors → 17 nodes · 32 edges (0 errors, 0 warnings)
Wrote /Users/darkomijic/dev-projects/libar-software-delivery-protocol/examples/checkout-v1/generated/graph.json
Wrote /Users/darkomijic/dev-projects/libar-software-delivery-protocol/examples/checkout-v1/generated/contracts (3 modules)

> @libar-dev/software-delivery-protocol@0.0.0 typecheck
> tsc --noEmit -p tsconfig.json


> @libar-dev/software-delivery-protocol@0.0.0 typecheck:examples
> tsc --noEmit -p tsconfig.examples.json


> @libar-dev/software-delivery-protocol@0.0.0 test
> node ./vitest-test.mjs


 RUN  v2.1.9 /Users/darkomijic/dev-projects/libar-software-delivery-protocol

 ✓ test/readiness.test.ts (19 tests) 12ms
 ✓ test/codegen.test.ts (19 tests) 15ms
 ✓ test/validators.test.ts (25 tests) 37ms
 ✓ test/reader.test.ts (35 tests) 97ms
 ✓ test/self-hosting-graph.test.ts (1 test) 574ms
   ✓ the self-hosting phase-1 carrier corpus > derives the fifteen Markdown-canonical specs and their exact Pack checkpoint from the root 573ms
 ✓ test/runner.test.ts (6 tests) 4ms
 ✓ test/extract.test.ts (55 tests) 706ms
 ✓ test/markdown-reifier.test.ts (96 tests) 904ms
   ✓ Markdown frontmatter reifier > enforces the 2,000 node limit at and immediately over its boundary 502ms
 ✓ test/notation.test.ts (10 tests) 33ms
 ✓ test/checkout-v1.test.ts (7 tests) 13ms
 ✓ test/design-review.test.ts (18 tests) 1248ms
   ✓ the Design Review — the one generated read-only view > renders the committed self-hosting corpus byte-identically at two absolute roots 1146ms
 ✓ test/builders.test.ts (3 tests) 3ms
 ✓ test/bootstrap.test.ts (5 tests) 181ms
 ✓ test/self-hosting-duplicate-ids.test.ts (12 tests) 2470ms
   ✓ generated contract preflight > does not require contracts for an unrelated Vitest filter 348ms
   ✓ generated contract preflight > proceeds for the unfiltered invocation once both contract trees are generated 341ms
   ✓ pooled root generated-state sentinel > fails a pooled run that mutates repository-root generated state 324ms
   ✓ pooled root generated-state sentinel > passes a pooled run that leaves repository-root generated state untouched 341ms
   ✓ derives the duplicate-ID verifier facts from the bound executable example 598ms
 ✓ test/descriptors.test.ts (5 tests) 2ms
 ✓ examples/checkout-v1/test/orders/create-order.valid-cart.test.ts (1 test) 5ms
 ✓ test/self-hosting-contracts.test.ts (3 tests) 1329ms
   ✓ the self-hosting duplicate-ID example contracts > carries the exact duplicate-ID example-space vocabulary 821ms
   ✓ the self-hosting duplicate-ID example contracts > binds one ready point with distinct refines and verifies relations 382ms
 ✓ test/ids.test.ts (15 tests) 5ms
 ✓ test/fixtures.test.ts (15 tests) 7ms
 ✓ test/graph-schema.test.ts (1 test) 2ms
 ✓ test/check-temporal.test.ts (11 tests) 4658ms
   ✓ check:temporal > fails for banned content in a nonignored untracked file 585ms
   ✓ check:temporal > does not scan ignored generated output 667ms
   ✓ check:temporal > keeps each explicit temporal genre exclusion 305ms
   ✓ check:temporal > fails closed when an enumerated file cannot be read 676ms
   ✓ check:temporal > allows only the one byte-exact self-pattern line in the guard 747ms
   ✓ check:temporal > fails when the self-pattern line has leading whitespace 428ms
npm notice
npm notice 📦  @libar-dev/software-delivery-protocol@0.0.0
npm notice Tarball Contents
npm notice 11.4kB LICENSE
npm notice 1.0kB dist/adapters/vitest.d.ts
npm notice 5.6kB dist/adapters/vitest.js
npm notice 3.7kB dist/cli/sdp.d.ts
npm notice 231.7kB dist/cli/sdp.js
npm notice 46.8kB dist/index-Co8juApA.d.ts
npm notice 17.1kB dist/index.d.ts
npm notice 221.1kB dist/index.js
npm notice 5.4kB dist/runner/index.d.ts
npm notice 5.4kB dist/runner/index.js
npm notice 2.5kB package.json
npm notice Tarball Details
npm notice name: @libar-dev/software-delivery-protocol
npm notice version: 0.0.0
npm notice filename: libar-dev-software-delivery-protocol-0.0.0.tgz
npm notice package size: 123.2 kB
npm notice unpacked size: 551.6 kB
npm notice shasum: 95d9f72e5cd8ee711d60120913a98a3a9d7a17f3
npm notice integrity: sha512-tDCPRiLEKFzWb[...]PR2OIGBwwgkGQ==
npm notice total files: 11
npm notice
 ✓ test/package-smoke.test.ts (1 test) 15261ms
   ✓ published package surface > resolves every public root export without the repository source alias 15261ms

 Test Files  22 passed (22)
      Tests  363 passed (363)
   Start at  16:18:08
   Duration  18.30s (transform 2.16s, setup 0ms, collect 26.41s, tests 27.57s, environment 5ms, prepare 2.87s)


 RUN  v2.1.9 /Users/darkomijic/dev-projects/libar-software-delivery-protocol

 ✓ test/cli.test.ts (53 tests) 1835ms
   ✓ sdp cli > views the self-hosting corpus from the default repository root 508ms

 Test Files  1 passed (1)
      Tests  53 passed (53)
   Start at  16:18:27
   Duration  3.52s (transform 660ms, setup 0ms, collect 1.27s, tests 1.84s, environment 0ms, prepare 180ms)


> @libar-dev/software-delivery-protocol@0.0.0 check:self-hosting
> node ./dist/cli/sdp.js view . --exclude explorations --exclude examples --check-clean

15 specs · 1 packs · 15 anchors → 31 nodes · 53 edges (0 errors, 0 warnings)
Wrote /Users/darkomijic/dev-projects/libar-software-delivery-protocol/generated/graph.json
Wrote /Users/darkomijic/dev-projects/libar-software-delivery-protocol/generated/contracts (2 modules)
validate: 0 errors · 0 warnings (conformance + honesty over the one graph)
Wrote /Users/darkomijic/dev-projects/libar-software-delivery-protocol/generated/design-review (17 pages)

> @libar-dev/software-delivery-protocol@0.0.0 check:example
> node ./dist/cli/sdp.js view examples/checkout-v1 --check-clean

11 specs · 1 packs · 5 anchors → 17 nodes · 32 edges (0 errors, 0 warnings)
Wrote /Users/darkomijic/dev-projects/libar-software-delivery-protocol/examples/checkout-v1/generated/graph.json
Wrote /Users/darkomijic/dev-projects/libar-software-delivery-protocol/examples/checkout-v1/generated/contracts (3 modules)
specs/orders/create-order-invalid-cart.sdp.ts — [warning] conformance/verifies-linkage — Example "spec:orders.create-order.invalid-cart" declares verifies → "spec:orders.create-order" but is not an enabled verifier — no test anchor binds it, so the spec↔test trace is incomplete and it confers no has-verifier.
validate: 0 errors · 1 warnings (conformance + honesty over the one graph)
Wrote /Users/darkomijic/dev-projects/libar-software-delivery-protocol/examples/checkout-v1/generated/design-review (13 pages)

> @libar-dev/software-delivery-protocol@0.0.0 preflight
> node ./preflight.mjs

preflight: semantic diff summary
clean
preflight: generated drift not attributable to the generation scripts:
generated/.DS_Store
generated/design-review/.DS_Store
