
> @libar-dev/software-delivery-protocol@0.0.0 test
> node ./vitest-test.mjs test/import-barrel.test.ts


 RUN  v2.1.9 /Users/darkomijic/dev-projects/libar-software-delivery-protocol

 ❯ test/import-barrel.test.ts (1 test | 1 failed) 6ms
   × import barrel > exports the pure emit and import surface 5ms
     → expected undefined to be type of 'function'

⎯⎯⎯⎯⎯⎯⎯ Failed Tests 1 ⎯⎯⎯⎯⎯⎯⎯

 FAIL  test/import-barrel.test.ts > import barrel > exports the pure emit and import surface
AssertionError: expected undefined to be type of 'function'

Expected: "function"
Received: "undefined"

 ❯ test/import-barrel.test.ts:14:30
     12|     const result: ImportResult = { findings: [] };
     13| 
     14|     expect(emitMarkdownSpec).toBeTypeOf("function");
       |                              ^
     15|     expect(importTypeScriptSpec).toBeTypeOf("function");
     16|     expect(importFindingIds).toEqual({

⎯⎯⎯⎯⎯⎯⎯⎯⎯⎯⎯⎯⎯⎯⎯⎯⎯⎯⎯⎯⎯⎯⎯⎯[1/1]⎯

 Test Files  1 failed (1)
      Tests  1 failed (1)
   Start at  17:20:00
   Duration  912ms (transform 196ms, setup 0ms, collect 542ms, tests 6ms, environment 0ms, prepare 86ms)

