
> @libar-dev/software-delivery-protocol@0.0.0 check
> npm run check:temporal && npm run lint && npm run format:check && npm run build && npm run generate:self-hosting && npm run generate:example && npm run typecheck && npm run typecheck:examples && npm test && npm run check:self-hosting && npm run check:example && npm run preflight


> @libar-dev/software-delivery-protocol@0.0.0 check:temporal
> node ./check-temporal.mjs


> @libar-dev/software-delivery-protocol@0.0.0 lint
> eslint .


> @libar-dev/software-delivery-protocol@0.0.0 format:check
> prettier --check .

Checking formatting...
All matched files use Prettier code style!

> @libar-dev/software-delivery-protocol@0.0.0 build
> tsup

CLI Building entry: src/index.ts, src/adapters/vitest.ts, src/cli/sdp.ts, src/runner/index.ts
CLI Using tsconfig: tsconfig.json
CLI tsup v8.5.1
CLI Using tsup config: /Users/darkomijic/dev-projects/libar-software-delivery-protocol/tsup.config.ts
CLI Target: es2022
CLI Cleaning output folder
ESM Build start
ESM dist/adapters/vitest.js 5.51 KB
ESM dist/index.js           225.84 KB
ESM dist/runner/index.js    5.25 KB
ESM dist/cli/sdp.js         226.23 KB
ESM ⚡️ Build success in 77ms
DTS Build start
DTS ⚡️ Build success in 4579ms
DTS dist/adapters/vitest.d.ts 1004.00 B
DTS dist/cli/sdp.d.ts         3.58 KB
DTS dist/index.d.ts           17.54 KB
DTS dist/runner/index.d.ts    5.23 KB
DTS dist/index-Co8juApA.d.ts  45.48 KB

> @libar-dev/software-delivery-protocol@0.0.0 generate:self-hosting
> node ./dist/cli/sdp.js view . --exclude explorations --exclude examples

15 specs · 1 packs · 15 anchors → 31 nodes · 53 edges (0 errors, 0 warnings)
Wrote /Users/darkomijic/dev-projects/libar-software-delivery-protocol/generated/graph.json
Wrote /Users/darkomijic/dev-projects/libar-software-delivery-protocol/generated/contracts (2 modules)
validate: 0 errors · 0 warnings (conformance + honesty over the one graph)
Wrote /Users/darkomijic/dev-projects/libar-software-delivery-protocol/generated/design-review (17 pages)

> @libar-dev/software-delivery-protocol@0.0.0 generate:example
> node ./dist/cli/sdp.js build examples/checkout-v1

11 specs · 1 packs · 5 anchors → 17 nodes · 32 edges (0 errors, 0 warnings)
Wrote /Users/darkomijic/dev-projects/libar-software-delivery-protocol/examples/checkout-v1/generated/graph.json
Wrote /Users/darkomijic/dev-projects/libar-software-delivery-protocol/examples/checkout-v1/generated/contracts (3 modules)

> @libar-dev/software-delivery-protocol@0.0.0 typecheck
> tsc --noEmit -p tsconfig.json


> @libar-dev/software-delivery-protocol@0.0.0 typecheck:examples
> tsc --noEmit -p tsconfig.examples.json


> @libar-dev/software-delivery-protocol@0.0.0 test
> node ./vitest-test.mjs


 RUN  v2.1.9 /Users/darkomijic/dev-projects/libar-software-delivery-protocol

 ✓ test/readiness.test.ts (19 tests) 6ms
 ✓ test/codegen.test.ts (19 tests) 23ms
 ✓ test/validators.test.ts (25 tests) 26ms
 ✓ test/reader.test.ts (35 tests) 128ms
 ✓ test/import-emit-markdown.test.ts (13 tests) 198ms
 ✓ test/self-hosting-graph.test.ts (1 test) 640ms
   ✓ the self-hosting phase-1 carrier corpus > derives the fifteen Markdown-canonical specs and their exact Pack checkpoint from the root 639ms
 ✓ test/runner.test.ts (6 tests) 94ms
 ✓ test/extract.test.ts (55 tests) 814ms
 ✓ test/markdown-reifier.test.ts (96 tests) 1043ms
   ✓ Markdown frontmatter reifier > enforces the 2,000 node limit at and immediately over its boundary 619ms
 ✓ test/notation.test.ts (10 tests) 4ms
 ✓ test/design-review.test.ts (18 tests) 664ms
   ✓ the Design Review — the one generated read-only view > renders the committed self-hosting corpus byte-identically at two absolute roots 639ms
 ✓ test/import.test.ts (7 tests) 53ms
 ✓ test/checkout-v1.test.ts (7 tests) 14ms
 ✓ test/descriptors.test.ts (5 tests) 2ms
 ✓ test/builders.test.ts (3 tests) 2ms
 ✓ test/bootstrap.test.ts (5 tests) 48ms
 ✓ examples/checkout-v1/test/orders/create-order.valid-cart.test.ts (1 test) 1ms
 ✓ test/ids.test.ts (15 tests) 4ms
 ✓ test/fixtures.test.ts (15 tests) 5ms
 ✓ test/graph-schema.test.ts (1 test) 2ms
 ✓ test/self-hosting-contracts.test.ts (3 tests) 804ms
   ✓ the self-hosting duplicate-ID example contracts > carries the exact duplicate-ID example-space vocabulary 303ms
   ✓ the self-hosting duplicate-ID example contracts > derives the bound space and step contracts 355ms
 ✓ test/self-hosting-duplicate-ids.test.ts (12 tests) 1639ms
   ✓ derives the duplicate-ID verifier facts from the bound executable example 392ms
 ✓ test/import-barrel.test.ts (1 test) 2ms
 ✓ test/check-temporal.test.ts (11 tests) 2421ms
   ✓ check:temporal > fails for banned content in a nonignored untracked file 450ms
   ✓ check:temporal > does not scan ignored generated output 328ms
   ✓ check:temporal > keeps each explicit temporal genre exclusion 331ms
   ✓ check:temporal > fails closed when an enumerated file cannot be read 329ms
   ✓ check:temporal > allows only the one byte-exact self-pattern line in the guard 320ms
npm notice
npm notice 📦  @libar-dev/software-delivery-protocol@0.0.0
npm notice Tarball Contents
npm notice 11.4kB LICENSE
npm notice 1.0kB dist/adapters/vitest.d.ts
npm notice 5.6kB dist/adapters/vitest.js
npm notice 3.7kB dist/cli/sdp.d.ts
npm notice 231.7kB dist/cli/sdp.js
npm notice 46.8kB dist/index-Co8juApA.d.ts
npm notice 18.1kB dist/index.d.ts
npm notice 231.3kB dist/index.js
npm notice 5.4kB dist/runner/index.d.ts
npm notice 5.4kB dist/runner/index.js
npm notice 2.5kB package.json
npm notice Tarball Details
npm notice name: @libar-dev/software-delivery-protocol
npm notice version: 0.0.0
npm notice filename: libar-dev-software-delivery-protocol-0.0.0.tgz
npm notice package size: 125.7 kB
npm notice unpacked size: 562.7 kB
npm notice shasum: c2d88e322370d96010ec744c24e9635b8d761239
npm notice integrity: sha512-HQOaDPy+GpyjV[...]3P/8ne+khiuYQ==
npm notice total files: 11
npm notice
 ✓ test/package-smoke.test.ts (1 test) 6357ms
   ✓ published package surface > resolves every public root export without the repository source alias 6356ms

 Test Files  25 passed (25)
      Tests  384 passed (384)
   Start at  17:25:54
   Duration  8.96s (transform 1.33s, setup 0ms, collect 18.13s, tests 14.99s, environment 3ms, prepare 2.79s)


 RUN  v2.1.9 /Users/darkomijic/dev-projects/libar-software-delivery-protocol

 ✓ test/cli.test.ts (53 tests) 1045ms
   ✓ sdp cli > views the self-hosting corpus from the default repository root 303ms

 Test Files  1 passed (1)
      Tests  53 passed (53)
   Start at  17:26:04
   Duration  2.55s (transform 591ms, setup 0ms, collect 1.12s, tests 1.05s, environment 0ms, prepare 106ms)


> @libar-dev/software-delivery-protocol@0.0.0 check:self-hosting
> node ./dist/cli/sdp.js view . --exclude explorations --exclude examples --check-clean

15 specs · 1 packs · 15 anchors → 31 nodes · 53 edges (0 errors, 0 warnings)
Wrote /Users/darkomijic/dev-projects/libar-software-delivery-protocol/generated/graph.json
Wrote /Users/darkomijic/dev-projects/libar-software-delivery-protocol/generated/contracts (2 modules)
validate: 0 errors · 0 warnings (conformance + honesty over the one graph)
Wrote /Users/darkomijic/dev-projects/libar-software-delivery-protocol/generated/design-review (17 pages)

> @libar-dev/software-delivery-protocol@0.0.0 check:example
> node ./dist/cli/sdp.js view examples/checkout-v1 --check-clean

11 specs · 1 packs · 5 anchors → 17 nodes · 32 edges (0 errors, 0 warnings)
Wrote /Users/darkomijic/dev-projects/libar-software-delivery-protocol/examples/checkout-v1/generated/graph.json
Wrote /Users/darkomijic/dev-projects/libar-software-delivery-protocol/examples/checkout-v1/generated/contracts (3 modules)
specs/orders/create-order-invalid-cart.sdp.ts — [warning] conformance/verifies-linkage — Example "spec:orders.create-order.invalid-cart" declares verifies → "spec:orders.create-order" but is not an enabled verifier — no test anchor binds it, so the spec↔test trace is incomplete and it confers no has-verifier.
validate: 0 errors · 1 warnings (conformance + honesty over the one graph)
Wrote /Users/darkomijic/dev-projects/libar-software-delivery-protocol/examples/checkout-v1/generated/design-review (13 pages)

> @libar-dev/software-delivery-protocol@0.0.0 preflight
> node ./preflight.mjs

preflight: semantic diff summary
src/index.ts
test/package-smoke.test.ts
preflight: tracked/untracked status inspected
preflight: nonignored runtime garbage:
test/import-barrel.test.ts
