# Todo 37 - extraction and one-graph corpus happy path

Command:

```sh
npm run check
```

Exit: 0

Relevant generated self-hosting output:

```text
57 specs · 1 packs · 36 anchors → 94 nodes · 177 edges (0 errors, 0 warnings)
Wrote generated/graph.json
Wrote generated/contracts (4 modules)
validate: 0 errors · 0 warnings (conformance + honesty over the one graph)
Wrote generated/design-review (59 pages)
```

Graph probe:

```sh
rg -n 'spec:extraction\.(excludes|claim-taxonomy|regenerability|schema-versioning|executable-contracts)' generated/graph.json
```

Result:

```text
generated/graph.json:1088:      "id": "spec:extraction.claim-taxonomy",
generated/graph.json:1177:      "id": "spec:extraction.excludes",
generated/graph.json:1202:      "id": "spec:extraction.executable-contracts",
generated/graph.json:1226:      "id": "spec:extraction.regenerability",
generated/graph.json:1251:      "id": "spec:extraction.schema-versioning",
```

Coverage-ledger probe:

```sh
rg -n '03 §(1 exclusion surface|3 claim taxonomy|4 regenerability and no-second-store rule|6 minimal schema versioning)|plan 13 A2 executable contracts' .omo/plans/self-hosting-phase-2.md
```

Result: five defined wave-4 rows name their precise anchors. The additional `03 §5` row records
the disposition on `spec:extraction.derive-graph` rather than adding a standalone Spec.

Focused checkpoint:

```sh
npm exec vitest run test/self-hosting-graph.test.ts
```

Result: 1 test passed. The frozen checkpoint confirms 57 Specs, 36 anchors, 94 nodes, 177 edges,
and readiness counts of 50 defined and 7 ready.

Policy audits:

```sh
node ./check-self-hosting-gates.mjs
node ./check-carrier-rule.mjs
node ./check-carrier-truth.mjs
```

Exit: 0 for each command.

Relevant output:

```text
check-carrier-rule - all surfaces agree: canonical-default carrier rule and relations distinction.
check-carrier-truth - 32 repaired claims hold; 19 corpus files scanned; 52 retained mentions classified.
check-self-hosting-gates - phase2Ledger: G1-G8 scaffold checked.
```
