# Todo 14 walkthrough verification

Date: 2026-07-18
Working directory: `/Users/darkomijic/dev-projects/libar-software-delivery-protocol`

## `npm run build`

```text
> @libar-dev/software-delivery-protocol@0.0.0 build
> tsup

CLI Building entry: src/index.ts
CLI Using tsconfig: tsconfig.json
CLI tsup v8.5.1
CLI Using tsup config: /Users/darkomijic/dev-projects/libar-software-delivery-protocol/tsup.config.ts
CLI Building entry: src/index.ts, src/adapters/vitest.ts, src/cli/sdp.ts, src/runner/index.ts
CLI Using tsconfig: tsconfig.json
CLI tsup v8.5.1
CLI Using tsup config: /Users/darkomijic/dev-projects/libar-software-delivery-protocol/tsup.config.ts
CLI Target: es2022
CJS Build start
CLI Target: es2022
CLI Cleaning output folder
ESM Build start
ESM dist/adapters/vitest.js 5.51 KB
ESM dist/runner/index.js    5.25 KB
ESM dist/index.js           226.36 KB
ESM dist/cli/sdp.js         240.50 KB
ESM ⚡️ Build success in 45ms
CJS dist/index.cjs 231.33 KB
CJS ⚡️ Build success in 52ms
DTS Build start
DTS ⚡️ Build success in 2141ms
DTS dist/adapters/vitest.d.ts 1004.00 B
DTS dist/cli/sdp.d.ts         4.49 KB
DTS dist/index.d.ts           16.74 KB
DTS dist/runner/index.d.ts    5.23 KB
DTS dist/index-CYKjjj2t.d.ts  46.37 KB
```

## `node ./dist/cli/sdp.js build examples/checkout-v1`

```text
11 specs · 1 packs · 5 anchors → 17 nodes · 32 edges (0 errors, 0 warnings)
Wrote /Users/darkomijic/dev-projects/libar-software-delivery-protocol/examples/checkout-v1/generated/graph.json
Wrote /Users/darkomijic/dev-projects/libar-software-delivery-protocol/examples/checkout-v1/generated/contracts (3 modules)
```

## `node ./dist/cli/sdp.js validate examples/checkout-v1`

```text
11 specs · 1 packs · 5 anchors → 17 nodes · 32 edges (0 errors, 0 warnings)
Wrote /Users/darkomijic/dev-projects/libar-software-delivery-protocol/examples/checkout-v1/generated/graph.json
Wrote /Users/darkomijic/dev-projects/libar-software-delivery-protocol/examples/checkout-v1/generated/contracts (3 modules)
specs/orders/create-order-invalid-cart.sdp.md — [warning] conformance/verifies-linkage — Example "spec:orders.create-order.invalid-cart" declares verifies → "spec:orders.create-order" but is not an enabled verifier — no test anchor binds it, so the spec↔test trace is incomplete and it confers no has-verifier.
validate: 0 errors · 1 warnings (conformance + honesty over the one graph)
```

## `node ./dist/cli/sdp.js view examples/checkout-v1`

```text
11 specs · 1 packs · 5 anchors → 17 nodes · 32 edges (0 errors, 0 warnings)
Wrote /Users/darkomijic/dev-projects/libar-software-delivery-protocol/examples/checkout-v1/generated/graph.json
Wrote /Users/darkomijic/dev-projects/libar-software-delivery-protocol/examples/checkout-v1/generated/contracts (3 modules)
validate: 0 errors · 1 warnings (conformance + honesty over the one graph)
specs/orders/create-order-invalid-cart.sdp.md — [warning] conformance/verifies-linkage — Example "spec:orders.create-order.invalid-cart" declares verifies → "spec:orders.create-order" but is not an enabled verifier — no test anchor binds it, so the spec↔test trace is incomplete and it confers no has-verifier.
Wrote /Users/darkomijic/dev-projects/libar-software-delivery-protocol/examples/checkout-v1/generated/design-review (13 pages)
```

## `npx vitest --run examples/checkout-v1/test`

```text
RUN  v2.1.9 /Users/darkomijic/dev-projects/libar-software-delivery-protocol

✓ examples/checkout-v1/test/orders/create-order.valid-cart.test.ts (1 test) 2ms

Test Files  1 passed (1)
Tests       1 passed (1)
```

## `npm run typecheck:examples`

```text
> @libar-dev/software-delivery-protocol@0.0.0 typecheck:examples
> tsc --noEmit -p tsconfig.examples.json
```

## `npm run check:example`

```text
> @libar-dev/software-delivery-protocol@0.0.0 check:example
> node ./dist/cli/sdp.js view examples/checkout-v1 --check-clean

11 specs · 1 packs · 5 anchors → 17 nodes · 32 edges (0 errors, 0 warnings)
Wrote /Users/darkomijic/dev-projects/libar-software-delivery-protocol/examples/checkout-v1/generated/graph.json
Wrote /Users/darkomijic/dev-projects/libar-software-delivery-protocol/examples/checkout-v1/generated/contracts (3 modules)
validate: 0 errors · 1 warnings (conformance + honesty over the one graph)
Wrote /Users/darkomijic/dev-projects/libar-software-delivery-protocol/examples/checkout-v1/generated/design-review (13 pages)
specs/orders/create-order-invalid-cart.sdp.md — [warning] conformance/verifies-linkage — Example "spec:orders.create-order.invalid-cart" declares verifies → "spec:orders.create-order" but is not an enabled verifier — no test anchor binds it, so the spec↔test trace is incomplete and it confers no has-verifier.
```

All commands exited 0.
