================================================================
kind            session
file            /home/darkomijic/dev-libar/software-delivery-protocol/.omo/evidence/plan-37-k-measurement/qa-truncated.jsonl
session_id      01a0054c-67c9-7597-a1ea-f11b2864e0c4
cwd             /home/darkomijic/dev-libar/software-delivery-protocol
started         2026-08-15T12:01:28.521Z
jsonl_lines     6
malformed_lines 1
catalog         /home/darkomijic/dev-libar/software-delivery-protocol/docs/agent-surface/recipes.md
catalog_sha256  9571ac632a11cad25126e733a7ca5aa8ac5fc699a9d14369faff41b35bbd8b87
invocations     0
recipe_sequence (none)
distinct_ids    (none)
distinct_count  0

seq recipe     ok       out_bytes   body_bytes body_sha256     runner
--- ---------- -------- ----------- ---------- --------------- ------------------------------
(no sdp q / sdp:q invocations)

candidate_windows:
  (none)
================================================================
