
> @libar-dev/software-delivery-protocol@0.0.0 check
> npm run check:temporal && npm run lint && npm run format:check && npm run build && npm run generate:self-hosting && npm run generate:example && npm run typecheck && npm run typecheck:examples && npm test && npm run check:self-hosting-gates && npm run check:self-hosting && npm run check:example && npm run preflight


> @libar-dev/software-delivery-protocol@0.0.0 check:temporal
> node ./check-temporal.mjs


> @libar-dev/software-delivery-protocol@0.0.0 lint
> eslint .


> @libar-dev/software-delivery-protocol@0.0.0 format:check
> prettier --check .

Checking formatting...
All matched files use Prettier code style!

> @libar-dev/software-delivery-protocol@0.0.0 build
> tsup

CLI Building entry: src/index.ts
CLI Using tsconfig: tsconfig.json
CLI tsup v8.5.1
CLI Using tsup config: /home/darkomijic/dev-libar/software-delivery-protocol-pr-25-review-remediation/tsup.config.ts
CLI Building entry: src/index.ts, src/adapters/vitest.ts, src/cli/sdp.ts, src/testing/index.ts, src/runner/index.ts
CLI Using tsconfig: tsconfig.json
CLI tsup v8.5.1
CLI Using tsup config: /home/darkomijic/dev-libar/software-delivery-protocol-pr-25-review-remediation/tsup.config.ts
CLI Target: es2022
CJS Build start
CLI Target: es2022
CLI Cleaning output folder
ESM Build start

 WARN  [33m▲ [43;33m[[43;30mWARNING[43;33m][0m [1m"import.meta" is not available with the "cjs" output format and will be empty[0m [empty-import-meta]

    src/extract/protocol-bindings.ts:56:20:
[37m      56 │   const moduleUrl = [32mimport.meta[37m.url;
         ╵                     [32m~~~~~~~~~~~[0m

  You need to set the output format to "esm" for "import.meta" to work correctly.



CJS dist/index.cjs 345.64 KB
CJS ⚡️ Build success in 149ms
ESM dist/adapters/vitest.js 9.96 KB
ESM dist/testing/index.js   14.74 KB
ESM dist/runner/index.js    9.08 KB
ESM dist/index.js           339.55 KB
ESM dist/cli/sdp.js         413.23 KB
ESM ⚡️ Build success in 147ms
DTS Build start
DTS ⚡️ Build success in 7064ms
DTS dist/adapters/vitest.d.ts 325.00 B
DTS dist/cli/sdp.d.ts         10.29 KB
DTS dist/index.d.ts           17.84 KB
DTS dist/testing/index.d.ts   2.11 KB
DTS dist/runner/index.d.ts    5.35 KB
DTS dist/census-erZPBp8-.d.ts 47.91 KB

> @libar-dev/software-delivery-protocol@0.0.0 generate:self-hosting
> node ./projection-suite.mjs . --exclude explorations --exclude examples --exclude test/fixtures/import/parity

164 specs · 1 packs · 177 anchors → 342 nodes · 760 edges (0 errors, 0 warnings)
Wrote /home/darkomijic/dev-libar/software-delivery-protocol-pr-25-review-remediation/generated/graph.json
Wrote /home/darkomijic/dev-libar/software-delivery-protocol-pr-25-review-remediation/generated/contracts (102 modules)
specs/carrier/markdown-authoring.sdp.md — [warning] honesty/gaps — Spec "spec:carrier.markdown-authoring" states readiness "ready" with no resolving verifier — a gap, informative only (ready never requires delivery facts).
specs/extraction/claim-taxonomy.sdp.md — [warning] honesty/gaps — Spec "spec:extraction.claim-taxonomy" states readiness "ready" with no resolving verifier — a gap, informative only (ready never requires delivery facts).
specs/model/pack-aggregate.sdp.md — [warning] honesty/gaps — Spec "spec:model.pack-aggregate" states readiness "ready" with no resolving verifier — a gap, informative only (ready never requires delivery facts).
specs/model/relations.sdp.md — [warning] honesty/gaps — Spec "spec:model.relations" states readiness "ready" with no resolving verifier — a gap, informative only (ready never requires delivery facts).
specs/model/spec-sections.sdp.md — [warning] honesty/gaps — Spec "spec:model.spec-sections" states readiness "ready" with no resolving verifier — a gap, informative only (ready never requires delivery facts).
validate: 0 errors · 5 warnings (conformance + honesty over the one graph)
Wrote /home/darkomijic/dev-libar/software-delivery-protocol-pr-25-review-remediation/generated/design-review (166 pages)
164 specs · 1 packs · 177 anchors → 342 nodes · 760 edges (0 errors, 0 warnings)
Wrote /home/darkomijic/dev-libar/software-delivery-protocol-pr-25-review-remediation/generated/graph.json
Wrote /home/darkomijic/dev-libar/software-delivery-protocol-pr-25-review-remediation/generated/contracts (102 modules)
specs/carrier/markdown-authoring.sdp.md — [warning] honesty/gaps — Spec "spec:carrier.markdown-authoring" states readiness "ready" with no resolving verifier — a gap, informative only (ready never requires delivery facts).
specs/extraction/claim-taxonomy.sdp.md — [warning] honesty/gaps — Spec "spec:extraction.claim-taxonomy" states readiness "ready" with no resolving verifier — a gap, informative only (ready never requires delivery facts).
specs/model/pack-aggregate.sdp.md — [warning] honesty/gaps — Spec "spec:model.pack-aggregate" states readiness "ready" with no resolving verifier — a gap, informative only (ready never requires delivery facts).
specs/model/relations.sdp.md — [warning] honesty/gaps — Spec "spec:model.relations" states readiness "ready" with no resolving verifier — a gap, informative only (ready never requires delivery facts).
specs/model/spec-sections.sdp.md — [warning] honesty/gaps — Spec "spec:model.spec-sections" states readiness "ready" with no resolving verifier — a gap, informative only (ready never requires delivery facts).
validate: 0 errors · 5 warnings (conformance + honesty over the one graph)
Wrote /home/darkomijic/dev-libar/software-delivery-protocol-pr-25-review-remediation/generated/census (1 pages)
164 specs · 1 packs · 177 anchors → 342 nodes · 760 edges (0 errors, 0 warnings)
Wrote /home/darkomijic/dev-libar/software-delivery-protocol-pr-25-review-remediation/generated/graph.json
Wrote /home/darkomijic/dev-libar/software-delivery-protocol-pr-25-review-remediation/generated/contracts (102 modules)
specs/carrier/markdown-authoring.sdp.md — [warning] honesty/gaps — Spec "spec:carrier.markdown-authoring" states readiness "ready" with no resolving verifier — a gap, informative only (ready never requires delivery facts).
specs/extraction/claim-taxonomy.sdp.md — [warning] honesty/gaps — Spec "spec:extraction.claim-taxonomy" states readiness "ready" with no resolving verifier — a gap, informative only (ready never requires delivery facts).
specs/model/pack-aggregate.sdp.md — [warning] honesty/gaps — Spec "spec:model.pack-aggregate" states readiness "ready" with no resolving verifier — a gap, informative only (ready never requires delivery facts).
specs/model/relations.sdp.md — [warning] honesty/gaps — Spec "spec:model.relations" states readiness "ready" with no resolving verifier — a gap, informative only (ready never requires delivery facts).
specs/model/spec-sections.sdp.md — [warning] honesty/gaps — Spec "spec:model.spec-sections" states readiness "ready" with no resolving verifier — a gap, informative only (ready never requires delivery facts).
validate: 0 errors · 5 warnings (conformance + honesty over the one graph)
Wrote /home/darkomijic/dev-libar/software-delivery-protocol-pr-25-review-remediation/generated/mermaid (166 pages)
164 specs · 1 packs · 177 anchors → 342 nodes · 760 edges (0 errors, 0 warnings)
Wrote /home/darkomijic/dev-libar/software-delivery-protocol-pr-25-review-remediation/generated/graph.json
Wrote /home/darkomijic/dev-libar/software-delivery-protocol-pr-25-review-remediation/generated/contracts (102 modules)
specs/carrier/markdown-authoring.sdp.md — [warning] honesty/gaps — Spec "spec:carrier.markdown-authoring" states readiness "ready" with no resolving verifier — a gap, informative only (ready never requires delivery facts).
specs/extraction/claim-taxonomy.sdp.md — [warning] honesty/gaps — Spec "spec:extraction.claim-taxonomy" states readiness "ready" with no resolving verifier — a gap, informative only (ready never requires delivery facts).
specs/model/pack-aggregate.sdp.md — [warning] honesty/gaps — Spec "spec:model.pack-aggregate" states readiness "ready" with no resolving verifier — a gap, informative only (ready never requires delivery facts).
specs/model/relations.sdp.md — [warning] honesty/gaps — Spec "spec:model.relations" states readiness "ready" with no resolving verifier — a gap, informative only (ready never requires delivery facts).
specs/model/spec-sections.sdp.md — [warning] honesty/gaps — Spec "spec:model.spec-sections" states readiness "ready" with no resolving verifier — a gap, informative only (ready never requires delivery facts).
validate: 0 errors · 5 warnings (conformance + honesty over the one graph)
Wrote /home/darkomijic/dev-libar/software-delivery-protocol-pr-25-review-remediation/generated/gherkin (165 pages)

> @libar-dev/software-delivery-protocol@0.0.0 generate:example
> node ./projection-suite.mjs examples/checkout-v1

11 specs · 1 packs · 5 anchors → 17 nodes · 32 edges (0 errors, 0 warnings)
Wrote /home/darkomijic/dev-libar/software-delivery-protocol-pr-25-review-remediation/examples/checkout-v1/generated/graph.json
Wrote /home/darkomijic/dev-libar/software-delivery-protocol-pr-25-review-remediation/examples/checkout-v1/generated/contracts (3 modules)
specs/orders/create-order-invalid-cart.sdp.md — [warning] conformance/verifies-linkage — Example "spec:orders.create-order.invalid-cart" declares verifies → "spec:orders.create-order" but is not an enabled verifier — no test anchor binds it, so the spec↔test trace is incomplete and it confers no has-verifier.
validate: 0 errors · 1 warnings (conformance + honesty over the one graph)
Wrote /home/darkomijic/dev-libar/software-delivery-protocol-pr-25-review-remediation/examples/checkout-v1/generated/design-review (13 pages)
11 specs · 1 packs · 5 anchors → 17 nodes · 32 edges (0 errors, 0 warnings)
Wrote /home/darkomijic/dev-libar/software-delivery-protocol-pr-25-review-remediation/examples/checkout-v1/generated/graph.json
Wrote /home/darkomijic/dev-libar/software-delivery-protocol-pr-25-review-remediation/examples/checkout-v1/generated/contracts (3 modules)
specs/orders/create-order-invalid-cart.sdp.md — [warning] conformance/verifies-linkage — Example "spec:orders.create-order.invalid-cart" declares verifies → "spec:orders.create-order" but is not an enabled verifier — no test anchor binds it, so the spec↔test trace is incomplete and it confers no has-verifier.
validate: 0 errors · 1 warnings (conformance + honesty over the one graph)
Wrote /home/darkomijic/dev-libar/software-delivery-protocol-pr-25-review-remediation/examples/checkout-v1/generated/census (1 pages)
11 specs · 1 packs · 5 anchors → 17 nodes · 32 edges (0 errors, 0 warnings)
Wrote /home/darkomijic/dev-libar/software-delivery-protocol-pr-25-review-remediation/examples/checkout-v1/generated/graph.json
Wrote /home/darkomijic/dev-libar/software-delivery-protocol-pr-25-review-remediation/examples/checkout-v1/generated/contracts (3 modules)
specs/orders/create-order-invalid-cart.sdp.md — [warning] conformance/verifies-linkage — Example "spec:orders.create-order.invalid-cart" declares verifies → "spec:orders.create-order" but is not an enabled verifier — no test anchor binds it, so the spec↔test trace is incomplete and it confers no has-verifier.
validate: 0 errors · 1 warnings (conformance + honesty over the one graph)
Wrote /home/darkomijic/dev-libar/software-delivery-protocol-pr-25-review-remediation/examples/checkout-v1/generated/mermaid (13 pages)
11 specs · 1 packs · 5 anchors → 17 nodes · 32 edges (0 errors, 0 warnings)
Wrote /home/darkomijic/dev-libar/software-delivery-protocol-pr-25-review-remediation/examples/checkout-v1/generated/graph.json
Wrote /home/darkomijic/dev-libar/software-delivery-protocol-pr-25-review-remediation/examples/checkout-v1/generated/contracts (3 modules)
specs/orders/create-order-invalid-cart.sdp.md — [warning] conformance/verifies-linkage — Example "spec:orders.create-order.invalid-cart" declares verifies → "spec:orders.create-order" but is not an enabled verifier — no test anchor binds it, so the spec↔test trace is incomplete and it confers no has-verifier.
validate: 0 errors · 1 warnings (conformance + honesty over the one graph)
Wrote /home/darkomijic/dev-libar/software-delivery-protocol-pr-25-review-remediation/examples/checkout-v1/generated/gherkin (12 pages)

> @libar-dev/software-delivery-protocol@0.0.0 typecheck
> tsc --noEmit -p tsconfig.json


> @libar-dev/software-delivery-protocol@0.0.0 typecheck:examples
> tsc --noEmit -p tsconfig.examples.json


> @libar-dev/software-delivery-protocol@0.0.0 test
> node ./vitest-test.mjs


 RUN  v4.1.10 /home/darkomijic/dev-libar/software-delivery-protocol-pr-25-review-remediation

[warn] [33m▲ [43;33m[[43;30mWARNING[43;33m][0m [1m"import.meta" is not available with the "cjs" output format and will be empty[0m [empty-import-meta]

    src/extract/protocol-bindings.ts:56:20:
[37m      56 │   const moduleUrl = [32mimport.meta[37m.url;
         ╵                     [32m~~~~~~~~~~~[0m

  You need to set the output format to "esm" for "import.meta" to work correctly.


npm notice
npm notice 📦  @libar-dev/software-delivery-protocol@0.0.0
npm notice Tarball Contents
npm notice 10.4kB .agents/skills/sdp-agent-surface/SKILL.md
npm notice 13.9kB .agents/skills/sdp-authoring/SKILL.md
npm notice 4.7kB .agents/skills/sdp-sessions/SKILL.md
npm notice 11.4kB LICENSE
npm notice 5.4kB README.md
npm notice 325B dist/adapters/vitest.d.ts
npm notice 10.2kB dist/adapters/vitest.js
npm notice 49.2kB dist/census-erZPBp8-.d.ts
npm notice 10.5kB dist/cli/sdp.d.ts
npm notice 423.2kB dist/cli/sdp.js
npm notice 354.0kB dist/index.cjs
npm notice 18.3kB dist/index.d.ts
npm notice 347.7kB dist/index.js
npm notice 5.5kB dist/runner/index.d.ts
npm notice 9.3kB dist/runner/index.js
npm notice 2.2kB dist/testing/index.d.ts
npm notice 15.1kB dist/testing/index.js
npm notice 39.7kB docs/agent-surface/recipes.md
npm notice 3.2kB package.json
npm notice Tarball Details
npm notice name: @libar-dev/software-delivery-protocol
npm notice version: 0.0.0
npm notice filename: libar-dev-software-delivery-protocol-0.0.0.tgz
npm notice package size: 286.3 kB
npm notice unpacked size: 1.3 MB
npm notice shasum: 219b90c0cd257e8219b7e84d5fe12fc166b64c5c
npm notice integrity: sha512-+QoiDg4yxkyGE[...]jt+JNWZYwv+6A==
npm notice total files: 19
npm notice

 Test Files  63 passed (63)
      Tests  862 passed | 1 skipped (863)
   Start at  16:52:36
   Duration  32.57s (transform 12.93s, setup 0ms, import 82.09s, tests 83.59s, environment 28ms)


 RUN  v4.1.10 /home/darkomijic/dev-libar/software-delivery-protocol-pr-25-review-remediation


 Test Files  1 passed (1)
      Tests  80 passed (80)
   Start at  16:53:09
   Duration  5.34s (transform 814ms, setup 0ms, import 1.17s, tests 4.02s, environment 0ms)


> @libar-dev/software-delivery-protocol@0.0.0 check:self-hosting-gates
> node ./check-self-hosting-gates.mjs

{
  "surfaces": {
    "plan": "plans/17-self-hosting-v1.md",
    "plan16": "plans/16-carrier-ruling.md",
    "agents": "AGENTS.md",
    "decisions": "docs/concept/DECISIONS.md",
    "glossary": "CONTEXT.md",
    "phase2Plan": "plans/18-self-hosting-phase-2.md",
    "currentPlan": "plans/38-graph-first-planning-arc.md",
    "package": "package.json"
  },
  "currentRecord": {
    "status": "DRAFTED",
    "gateLegs": [
      "check:temporal",
      "lint",
      "format:check",
      "build",
      "generate:self-hosting",
      "generate:example",
      "typecheck",
      "typecheck:examples",
      "test",
      "check:self-hosting-gates",
      "check:self-hosting",
      "check:example",
      "preflight"
    ]
  },
  "temporal": {
    "ran": true,
    "exit": 0
  },
  "docket": {
    "total": 25,
    "nonPending": 25,
    "dispositions": [
      {
        "item": "Frontmatter envelope schema (17)",
        "state": "done"
      },
      {
        "item": "Editor-association gap (17)",
        "state": "deferred"
      },
      {
        "item": "Fence names (17)",
        "state": "done"
      },
      {
        "item": "Slot sigils (17)",
        "state": "done"
      },
      {
        "item": "Single-literal vocabulary form (17)",
        "state": "dropped"
      },
      {
        "item": "Table-sugar syntax (17)",
        "state": "dropped"
      },
      {
        "item": "Prose edge-text ownership rule (17)",
        "state": "done"
      },
      {
        "item": "Diagnostics register (17)",
        "state": "done"
      },
      {
        "item": "Carrier seam public API (18)",
        "state": "done"
      },
      {
        "item": "Product parser (18)",
        "state": "done"
      },
      {
        "item": "`sdp import` emitter (18)",
        "state": "deferred"
      },
      {
        "item": "checkout-v1 migration + canonical flip (18)",
        "state": "deferred"
      },
      {
        "item": "Self-hosting pack (19)",
        "state": "done"
      },
      {
        "item": "Decision-spec fold (19)",
        "state": "done"
      },
      {
        "item": "Doc-repair bill (19)",
        "state": "done"
      },
      {
        "item": "Extraction-root & exclusion policy (new — forced by self-hosting)",
        "state": "done"
      },
      {
        "item": "Graph schema-version policy for prose fields (new)",
        "state": "done"
      },
      {
        "item": "Carrier-ruling transition-clause amendment (new — forced by the interim story)",
        "state": "done"
      },
      {
        "item": "Public/package API proof (new — forced by grounded review)",
        "state": "done"
      },
      {
        "item": "Temporal-scan coverage (new — forced by grounded review)",
        "state": "done"
      },
      {
        "item": "Root generated-state isolation (new — forced by grounded review)",
        "state": "done"
      },
      {
        "item": "Clean-clone proof (new — forced by grounded review)",
        "state": "done"
      },
      {
        "item": "JTBD carrier repair (new — drift found by grounded review)",
        "state": "done"
      },
      {
        "item": "MD-15 wording repair (new — forced by the carrier ruling)",
        "state": "done"
      },
      {
        "item": "Four-gate review ledger (new — forced by the owner-gate design)",
        "state": "done"
      }
    ],
    "pending": []
  },
  "adrDispositions": {
    "the strict consumer-exclusion contract (MD-20)": "diary entry entered — three-part test passes",
    "the envelope-grammar ownership posture (MD-21)": "diary entry entered — three-part test passes"
  },
  "ledger": {
    "gate1": {
      "meaning": "schema freeze",
      "disposition": "accepted",
      "date": "2026-07-18",
      "sha": "aca79090529c2f6625ceafc78f33e16da81bfcb1",
      "corrections": "none"
    },
    "gate2": {
      "meaning": "corpus/readiness",
      "disposition": "accepted",
      "date": "2026-07-18",
      "sha": "cdb68fc1564c9167ebc0372ba8f8599a97df4393",
      "corrections": "none"
    },
    "gate3": {
      "meaning": "executable loop",
      "disposition": "accepted",
      "date": "2026-07-18",
      "sha": "1687885df7b1898c56e154ce2dbe4fa3c6c6c425",
      "corrections": "none"
    },
    "gate4": {
      "meaning": "whole-phase review and the phase-2 disposition",
      "disposition": "accepted",
      "date": "2026-07-18",
      "sha": "1d9f38c7a993f9cdc27cc4e178e211e33286758b",
      "corrections": "24f9978: docs(concept): record the landed prose projection in 06"
    }
  },
  "phase2Ledger": "G1-G8 scaffold checked"
}

> @libar-dev/software-delivery-protocol@0.0.0 check:self-hosting
> node ./projection-suite.mjs . --exclude explorations --exclude examples --exclude test/fixtures/import/parity --check-clean

164 specs · 1 packs · 177 anchors → 342 nodes · 760 edges (0 errors, 0 warnings)
Wrote /home/darkomijic/dev-libar/software-delivery-protocol-pr-25-review-remediation/generated/graph.json
Wrote /home/darkomijic/dev-libar/software-delivery-protocol-pr-25-review-remediation/generated/contracts (102 modules)
specs/carrier/markdown-authoring.sdp.md — [warning] honesty/gaps — Spec "spec:carrier.markdown-authoring" states readiness "ready" with no resolving verifier — a gap, informative only (ready never requires delivery facts).
specs/extraction/claim-taxonomy.sdp.md — [warning] honesty/gaps — Spec "spec:extraction.claim-taxonomy" states readiness "ready" with no resolving verifier — a gap, informative only (ready never requires delivery facts).
specs/model/pack-aggregate.sdp.md — [warning] honesty/gaps — Spec "spec:model.pack-aggregate" states readiness "ready" with no resolving verifier — a gap, informative only (ready never requires delivery facts).
specs/model/relations.sdp.md — [warning] honesty/gaps — Spec "spec:model.relations" states readiness "ready" with no resolving verifier — a gap, informative only (ready never requires delivery facts).
specs/model/spec-sections.sdp.md — [warning] honesty/gaps — Spec "spec:model.spec-sections" states readiness "ready" with no resolving verifier — a gap, informative only (ready never requires delivery facts).
validate: 0 errors · 5 warnings (conformance + honesty over the one graph)
Wrote /home/darkomijic/dev-libar/software-delivery-protocol-pr-25-review-remediation/generated/design-review (166 pages)
164 specs · 1 packs · 177 anchors → 342 nodes · 760 edges (0 errors, 0 warnings)
Wrote /home/darkomijic/dev-libar/software-delivery-protocol-pr-25-review-remediation/generated/graph.json
Wrote /home/darkomijic/dev-libar/software-delivery-protocol-pr-25-review-remediation/generated/contracts (102 modules)
specs/carrier/markdown-authoring.sdp.md — [warning] honesty/gaps — Spec "spec:carrier.markdown-authoring" states readiness "ready" with no resolving verifier — a gap, informative only (ready never requires delivery facts).
specs/extraction/claim-taxonomy.sdp.md — [warning] honesty/gaps — Spec "spec:extraction.claim-taxonomy" states readiness "ready" with no resolving verifier — a gap, informative only (ready never requires delivery facts).
specs/model/pack-aggregate.sdp.md — [warning] honesty/gaps — Spec "spec:model.pack-aggregate" states readiness "ready" with no resolving verifier — a gap, informative only (ready never requires delivery facts).
specs/model/relations.sdp.md — [warning] honesty/gaps — Spec "spec:model.relations" states readiness "ready" with no resolving verifier — a gap, informative only (ready never requires delivery facts).
specs/model/spec-sections.sdp.md — [warning] honesty/gaps — Spec "spec:model.spec-sections" states readiness "ready" with no resolving verifier — a gap, informative only (ready never requires delivery facts).
validate: 0 errors · 5 warnings (conformance + honesty over the one graph)
Wrote /home/darkomijic/dev-libar/software-delivery-protocol-pr-25-review-remediation/generated/census (1 pages)
164 specs · 1 packs · 177 anchors → 342 nodes · 760 edges (0 errors, 0 warnings)
Wrote /home/darkomijic/dev-libar/software-delivery-protocol-pr-25-review-remediation/generated/graph.json
Wrote /home/darkomijic/dev-libar/software-delivery-protocol-pr-25-review-remediation/generated/contracts (102 modules)
specs/carrier/markdown-authoring.sdp.md — [warning] honesty/gaps — Spec "spec:carrier.markdown-authoring" states readiness "ready" with no resolving verifier — a gap, informative only (ready never requires delivery facts).
specs/extraction/claim-taxonomy.sdp.md — [warning] honesty/gaps — Spec "spec:extraction.claim-taxonomy" states readiness "ready" with no resolving verifier — a gap, informative only (ready never requires delivery facts).
specs/model/pack-aggregate.sdp.md — [warning] honesty/gaps — Spec "spec:model.pack-aggregate" states readiness "ready" with no resolving verifier — a gap, informative only (ready never requires delivery facts).
specs/model/relations.sdp.md — [warning] honesty/gaps — Spec "spec:model.relations" states readiness "ready" with no resolving verifier — a gap, informative only (ready never requires delivery facts).
specs/model/spec-sections.sdp.md — [warning] honesty/gaps — Spec "spec:model.spec-sections" states readiness "ready" with no resolving verifier — a gap, informative only (ready never requires delivery facts).
validate: 0 errors · 5 warnings (conformance + honesty over the one graph)
Wrote /home/darkomijic/dev-libar/software-delivery-protocol-pr-25-review-remediation/generated/mermaid (166 pages)
164 specs · 1 packs · 177 anchors → 342 nodes · 760 edges (0 errors, 0 warnings)
Wrote /home/darkomijic/dev-libar/software-delivery-protocol-pr-25-review-remediation/generated/graph.json
Wrote /home/darkomijic/dev-libar/software-delivery-protocol-pr-25-review-remediation/generated/contracts (102 modules)
specs/carrier/markdown-authoring.sdp.md — [warning] honesty/gaps — Spec "spec:carrier.markdown-authoring" states readiness "ready" with no resolving verifier — a gap, informative only (ready never requires delivery facts).
specs/extraction/claim-taxonomy.sdp.md — [warning] honesty/gaps — Spec "spec:extraction.claim-taxonomy" states readiness "ready" with no resolving verifier — a gap, informative only (ready never requires delivery facts).
specs/model/pack-aggregate.sdp.md — [warning] honesty/gaps — Spec "spec:model.pack-aggregate" states readiness "ready" with no resolving verifier — a gap, informative only (ready never requires delivery facts).
specs/model/relations.sdp.md — [warning] honesty/gaps — Spec "spec:model.relations" states readiness "ready" with no resolving verifier — a gap, informative only (ready never requires delivery facts).
specs/model/spec-sections.sdp.md — [warning] honesty/gaps — Spec "spec:model.spec-sections" states readiness "ready" with no resolving verifier — a gap, informative only (ready never requires delivery facts).
validate: 0 errors · 5 warnings (conformance + honesty over the one graph)
Wrote /home/darkomijic/dev-libar/software-delivery-protocol-pr-25-review-remediation/generated/gherkin (165 pages)

> @libar-dev/software-delivery-protocol@0.0.0 check:example
> node ./projection-suite.mjs examples/checkout-v1 --check-clean

11 specs · 1 packs · 5 anchors → 17 nodes · 32 edges (0 errors, 0 warnings)
Wrote /home/darkomijic/dev-libar/software-delivery-protocol-pr-25-review-remediation/examples/checkout-v1/generated/graph.json
Wrote /home/darkomijic/dev-libar/software-delivery-protocol-pr-25-review-remediation/examples/checkout-v1/generated/contracts (3 modules)
specs/orders/create-order-invalid-cart.sdp.md — [warning] conformance/verifies-linkage — Example "spec:orders.create-order.invalid-cart" declares verifies → "spec:orders.create-order" but is not an enabled verifier — no test anchor binds it, so the spec↔test trace is incomplete and it confers no has-verifier.
validate: 0 errors · 1 warnings (conformance + honesty over the one graph)
Wrote /home/darkomijic/dev-libar/software-delivery-protocol-pr-25-review-remediation/examples/checkout-v1/generated/design-review (13 pages)
11 specs · 1 packs · 5 anchors → 17 nodes · 32 edges (0 errors, 0 warnings)
Wrote /home/darkomijic/dev-libar/software-delivery-protocol-pr-25-review-remediation/examples/checkout-v1/generated/graph.json
Wrote /home/darkomijic/dev-libar/software-delivery-protocol-pr-25-review-remediation/examples/checkout-v1/generated/contracts (3 modules)
specs/orders/create-order-invalid-cart.sdp.md — [warning] conformance/verifies-linkage — Example "spec:orders.create-order.invalid-cart" declares verifies → "spec:orders.create-order" but is not an enabled verifier — no test anchor binds it, so the spec↔test trace is incomplete and it confers no has-verifier.
validate: 0 errors · 1 warnings (conformance + honesty over the one graph)
Wrote /home/darkomijic/dev-libar/software-delivery-protocol-pr-25-review-remediation/examples/checkout-v1/generated/census (1 pages)
11 specs · 1 packs · 5 anchors → 17 nodes · 32 edges (0 errors, 0 warnings)
Wrote /home/darkomijic/dev-libar/software-delivery-protocol-pr-25-review-remediation/examples/checkout-v1/generated/graph.json
Wrote /home/darkomijic/dev-libar/software-delivery-protocol-pr-25-review-remediation/examples/checkout-v1/generated/contracts (3 modules)
specs/orders/create-order-invalid-cart.sdp.md — [warning] conformance/verifies-linkage — Example "spec:orders.create-order.invalid-cart" declares verifies → "spec:orders.create-order" but is not an enabled verifier — no test anchor binds it, so the spec↔test trace is incomplete and it confers no has-verifier.
validate: 0 errors · 1 warnings (conformance + honesty over the one graph)
Wrote /home/darkomijic/dev-libar/software-delivery-protocol-pr-25-review-remediation/examples/checkout-v1/generated/mermaid (13 pages)
11 specs · 1 packs · 5 anchors → 17 nodes · 32 edges (0 errors, 0 warnings)
Wrote /home/darkomijic/dev-libar/software-delivery-protocol-pr-25-review-remediation/examples/checkout-v1/generated/graph.json
Wrote /home/darkomijic/dev-libar/software-delivery-protocol-pr-25-review-remediation/examples/checkout-v1/generated/contracts (3 modules)
specs/orders/create-order-invalid-cart.sdp.md — [warning] conformance/verifies-linkage — Example "spec:orders.create-order.invalid-cart" declares verifies → "spec:orders.create-order" but is not an enabled verifier — no test anchor binds it, so the spec↔test trace is incomplete and it confers no has-verifier.
validate: 0 errors · 1 warnings (conformance + honesty over the one graph)
Wrote /home/darkomijic/dev-libar/software-delivery-protocol-pr-25-review-remediation/examples/checkout-v1/generated/gherkin (12 pages)

> @libar-dev/software-delivery-protocol@0.0.0 preflight
> node ./preflight.mjs

preflight: semantic diff summary
clean

CHECK_EXIT:0
